

=====================================================================
== D:\DayZServers\TheCommunity_enoch\DayZServer_x64.exe
== "D:\DayZServers\TheCommunity_enoch\DayZServer_x64.exe"  -port=2402 "-mod=@CF;@Community-Online-Tools;@BuildAnywhere;@BaseBuildingLogs;@Trader;@BaseBuildingPlus;@Durable_Suppressors;@VPPMap;@Ear-Plugs;@Catch_Rain;@DayZ-Expansion-Notifications;@DayZ-Expansion-Chat;@No_Shoe_Damage;@Airdrop-Upgraded;@Ammo_Making;@Banking;@BuilderItems;@Camosplus;@CannabisPlus;@CheckIdentity;@Code_Lock;@Dayz_Navigation;@FIDOv4;@FlipTransport;@GoreZ;@IRP;@KillFeed;@NoVehicleDamage;@PartyMe;@Modular_Vest_System;@MuchStuffPack;@SWP;@BreachingCharge;@BBPBreachCharge;@MunghardsItempack;@NDVPPM;@Next_Days;@Notes;@SQUAD_MSF-C;@Zeroy-FishingZ;@OP_BaseItems;@Base_Storage;@SIX-DayZ-Auto-Run;" -config=D:\DayZServers\TheCommunity_enoch\TheCommunityDZ.cfg -profiles=TheCommunityServer -BEPath=D:\DayZServers\TheCommunity_enoch\battleye -filePatching -adminlog -netlog -freezecheck -scrAllowFileWrite
=====================================================================
Exe timestamp: 2020/04/26 15:56:05
Current time:  2020/04/30 09:16:02

Version 1.07.153006
 9:16:02.419 [Inputs] Loading inputs default "bin/constants.xml"
 9:16:02.419 [Inputs] Loading inputs default "bin/specific.xml"
 9:16:02.419 !!! [Inputs] Invalid input name used "UAUIInspectItem" for context "ui" in "bin/specific.xml"
 9:16:02.419 !!! [Inputs] Attempt to register duplicate Modded-Inputs file "VanillaPPMap/data/modded_Inputs.xml"
 9:16:02.419 [Inputs] Loading inputs default "EarPlugs\data\inputs.xml"
 9:16:02.419 [Inputs] Loading inputs default "JM/COT/scripts/Data/Inputs.xml"
 9:16:02.419 [Inputs] Loading inputs default "KillFeed/inputs/Inputs.xml"
 9:16:02.419 [Inputs] Loading inputs default "partyme/scripts/partyme_inputs.xml"
 9:16:02.419 [Inputs] Loading inputs default "VanillaPPMap/data/modded_Inputs.xml"
 9:16:02.419 [Inputs] Loading inputs default "NextDays/data/NextDays_Inputs.xml"
 9:16:02.419 [Inputs] Loading inputs default "A3_UI_F/Scripts/Inputs.xml"
 9:16:02.419 [Inputs] Loading inputs default "BaseBuildingPlus/Scripts/Data/Inputs.xml"
 9:16:02.419 [Inputs] Loading inputs default "VanillaPPMap/data/modded_Inputs.xml"
 9:16:02.419 !!! [Inputs] Attempt to register duplicate input "UAOpenVPPMap"
 9:16:02.419 !!! [Inputs] Attempt to register duplicate input "UAToggleVPPMap3DMarkers"
 9:16:02.419 [Inputs] Loading inputs cfg "TheCommunityServer\Users\Survivor\Server.core.xml"
 9:16:02.435 [Inputs] Exporting inputs cfg "TheCommunityServer\Users\Survivor\Server.core.xml"
 9:16:02.732 !!! [Inputs] Attempt to register "PMHideShowTrackers" input twice
 9:16:15.857 [CE][Hive] :: Initializing OFFLINE
 9:16:15.857 [CE][Hive] :: Loading core data ... 
 9:16:15.857 [CE][CoreData] :: 7 root classes, 19 defaults, 0 updaters...
 9:16:21.779 [CE][RegisterBind] :: 0 classes binded...
 9:16:21.779 [CE][RegisterConfig] :: 10055 config classes registered, 0 sub-counters...
 9:16:21.779 [CE][Hive] :: Loading map data ... 
 9:16:21.811 !!! [CE] :: Unknown category: 'vehicleparts'.
 9:16:21.811 [CE][LoadPrototype] :: loaded 330 prototypes
 9:16:21.811   702 containers, 9116 points
 9:16:21.811   24 dispatches, 90 proxies
 9:16:21.811 !!! [CE][LoadPrototype] 12 groups have no points...
 9:16:21.811 !!![CE][LoadPrototype]  3 groups have wrong points...
 9:16:21.811 [CE][LoadPrototype] :: last group name: Land_Lunapark_Autodrome...
 9:16:21.826 [CE][LoadPrototype] :: loaded 0 prototypes
 9:16:21.826   0 containers, 0 points
 9:16:21.826   0 dispatches, 0 proxies
 9:16:21.826 [CE][LoadPrototype] :: last group name: PathD_7100...
 9:16:22.139 [CE][LoadMap] "Group" :: loaded 5086 groups, largest group range: 26.9
 9:16:22.139 [CE][LoadMap] "Dirt" :: loaded 0 groups, largest group range: 26.9
 9:16:22.233 [CE][Links] found 354 total links between groups, of 5086
 9:16:22.233 [CE][LoadClusters] "Cluster" :: Loading files...
 9:16:22.436 [CE][LoadClusters] :: file: "mapgroupcluster.xml", 4 types, 50000 instances
 9:16:22.639 [CE][LoadClusters] :: file: "mapgroupcluster01", 4 types, 50000 instances
 9:16:22.858 [CE][LoadClusters] :: file: "mapgroupcluster02", 4 types, 50000 instances
 9:16:23.61 [CE][LoadClusters] :: file: "mapgroupcluster03", 4 types, 50000 instances
 9:16:23.170 [CE][LoadClusters] :: file: "mapgroupcluster04", 4 types, 21297 instances
 9:16:23.170 [CE][Storage] ver:21 stamp:64736, valid:yes, name:"mpmissions\TheCommunity.enoch\storage_420\data\types.bin"
 9:16:23.170 [CE][Storage] ver:21 stamp:64735, valid:yes, name:"mpmissions\TheCommunity.enoch\storage_420\data\types.001"
 9:16:23.170 [CE][Storage] ver:21 stamp:64736, valid:yes, name:"mpmissions\TheCommunity.enoch\storage_420\data\types.002"
 9:16:23.170 [CE][Storage] Restoring file "mpmissions\TheCommunity.enoch\storage_420\data\types.bin".
 9:16:23.373 [CE][offlineDB] :: Loaded 33 dynamic events 215 total types 0 total positions.
 9:16:23.436 [CE][Storage] ver:21 stamp:64736, valid:yes, name:"mpmissions\TheCommunity.enoch\storage_420\data\events.bin"
 9:16:23.436 [CE][Storage] ver:21 stamp:64735, valid:yes, name:"mpmissions\TheCommunity.enoch\storage_420\data\events.001"
 9:16:23.436 [CE][Storage] ver:21 stamp:64736, valid:yes, name:"mpmissions\TheCommunity.enoch\storage_420\data\events.002"
 9:16:23.436 [CE][Storage] Restoring file "mpmissions\TheCommunity.enoch\storage_420\data\events.bin".
 9:16:23.436 [CE][DynamicEvent] Load  Events:[33] Primary spawners: 33 Secondary spawners: 1
 9:16:23.436 [CE][Storage] ver:24 stamp:64736, valid:yes, name:"mpmissions\TheCommunity.enoch\storage_420\data\vehicles.bin"
 9:16:23.436 [CE][Storage] ver:24 stamp:64735, valid:yes, name:"mpmissions\TheCommunity.enoch\storage_420\data\vehicles.001"
 9:16:23.436 [CE][Storage] ver:24 stamp:64736, valid:yes, name:"mpmissions\TheCommunity.enoch\storage_420\data\vehicles.002"
 9:16:23.436 [CE][Storage] Restoring file "mpmissions\TheCommunity.enoch\storage_420\data\vehicles.bin" 127 items.
 9:16:23.670   127 items loaded.
 9:16:23.670 [CE][Storage] ver:24 stamp:64736, valid:yes, name:"mpmissions\TheCommunity.enoch\storage_420\data\dynamic_000.bin"
 9:16:23.670 [CE][Storage] ver:24 stamp:64735, valid:yes, name:"mpmissions\TheCommunity.enoch\storage_420\data\dynamic_000.001"
 9:16:23.670 [CE][Storage] ver:24 stamp:64736, valid:yes, name:"mpmissions\TheCommunity.enoch\storage_420\data\dynamic_000.002"
 9:16:23.670 [CE][Storage] Restoring file "mpmissions\TheCommunity.enoch\storage_420\data\dynamic_000.bin" 447 items.
 9:16:24.311   447 items loaded.
 9:16:24.311 [CE][Storage] ver:24 stamp:64736, valid:yes, name:"mpmissions\TheCommunity.enoch\storage_420\data\dynamic_001.bin"
 9:16:24.311 [CE][Storage] ver:24 stamp:64735, valid:yes, name:"mpmissions\TheCommunity.enoch\storage_420\data\dynamic_001.001"
 9:16:24.311 [CE][Storage] ver:24 stamp:64736, valid:yes, name:"mpmissions\TheCommunity.enoch\storage_420\data\dynamic_001.002"
 9:16:24.311 [CE][Storage] Restoring file "mpmissions\TheCommunity.enoch\storage_420\data\dynamic_001.bin" 2374 items.
 9:16:25.61   2374 items loaded.
 9:16:25.61 [CE][Storage] ver:24 stamp:64736, valid:yes, name:"mpmissions\TheCommunity.enoch\storage_420\data\dynamic_002.bin"
 9:16:25.61 [CE][Storage] ver:24 stamp:64735, valid:yes, name:"mpmissions\TheCommunity.enoch\storage_420\data\dynamic_002.001"
 9:16:25.61 [CE][Storage] ver:24 stamp:64736, valid:yes, name:"mpmissions\TheCommunity.enoch\storage_420\data\dynamic_002.002"
 9:16:25.61 [CE][Storage] Restoring file "mpmissions\TheCommunity.enoch\storage_420\data\dynamic_002.bin" 829 items.
 9:16:25.670   829 items loaded.
 9:16:25.670 [CE][Storage] ver:24 stamp:64736, valid:yes, name:"mpmissions\TheCommunity.enoch\storage_420\data\dynamic_003.bin"
 9:16:25.686 [CE][Storage] ver:24 stamp:64735, valid:yes, name:"mpmissions\TheCommunity.enoch\storage_420\data\dynamic_003.001"
 9:16:25.686 [CE][Storage] ver:24 stamp:64736, valid:yes, name:"mpmissions\TheCommunity.enoch\storage_420\data\dynamic_003.002"
 9:16:25.686 [CE][Storage] Restoring file "mpmissions\TheCommunity.enoch\storage_420\data\dynamic_003.bin" 1177 items.
 9:16:26.45   1177 items loaded.
 9:16:26.45 [CE][Storage] ver:24 stamp:64736, valid:yes, name:"mpmissions\TheCommunity.enoch\storage_420\data\dynamic_004.bin"
 9:16:26.45 [CE][Storage] ver:24 stamp:64735, valid:yes, name:"mpmissions\TheCommunity.enoch\storage_420\data\dynamic_004.001"
 9:16:26.45 [CE][Storage] ver:24 stamp:64736, valid:yes, name:"mpmissions\TheCommunity.enoch\storage_420\data\dynamic_004.002"
 9:16:26.45 [CE][Storage] Restoring file "mpmissions\TheCommunity.enoch\storage_420\data\dynamic_004.bin" 1605 items.
 9:16:26.608   1605 items loaded.
 9:16:26.608 [CE][Storage] ver:24 stamp:64736, valid:yes, name:"mpmissions\TheCommunity.enoch\storage_420\data\dynamic_005.bin"
 9:16:26.623 [CE][Storage] ver:24 stamp:64735, valid:yes, name:"mpmissions\TheCommunity.enoch\storage_420\data\dynamic_005.001"
 9:16:26.623 [CE][Storage] ver:24 stamp:64736, valid:yes, name:"mpmissions\TheCommunity.enoch\storage_420\data\dynamic_005.002"
 9:16:26.623 [CE][Storage] Restoring file "mpmissions\TheCommunity.enoch\storage_420\data\dynamic_005.bin" 1963 items.
 9:16:27.233   1963 items loaded.
 9:16:27.233 [CE][Storage] ver:24 stamp:64736, valid:yes, name:"mpmissions\TheCommunity.enoch\storage_420\data\dynamic_006.bin"
 9:16:27.233 [CE][Storage] ver:24 stamp:64735, valid:yes, name:"mpmissions\TheCommunity.enoch\storage_420\data\dynamic_006.001"
 9:16:27.233 [CE][Storage] ver:24 stamp:64736, valid:yes, name:"mpmissions\TheCommunity.enoch\storage_420\data\dynamic_006.002"
 9:16:27.233 [CE][Storage] Restoring file "mpmissions\TheCommunity.enoch\storage_420\data\dynamic_006.bin" 1071 items.
 9:16:27.592   1071 items loaded.
 9:16:27.592 [CE][Storage] ver:24 stamp:64736, valid:yes, name:"mpmissions\TheCommunity.enoch\storage_420\data\dynamic_007.bin"
 9:16:27.592 [CE][Storage] ver:24 stamp:64735, valid:yes, name:"mpmissions\TheCommunity.enoch\storage_420\data\dynamic_007.001"
 9:16:27.592 [CE][Storage] ver:24 stamp:64736, valid:yes, name:"mpmissions\TheCommunity.enoch\storage_420\data\dynamic_007.002"
 9:16:27.592 [CE][Storage] Restoring file "mpmissions\TheCommunity.enoch\storage_420\data\dynamic_007.bin" 1390 items.
 9:16:28.77   1390 items loaded.
 9:16:28.77 [CE][Storage] ver:24 stamp:64736, valid:yes, name:"mpmissions\TheCommunity.enoch\storage_420\data\dynamic_008.bin"
 9:16:28.77 [CE][Storage] ver:24 stamp:64735, valid:yes, name:"mpmissions\TheCommunity.enoch\storage_420\data\dynamic_008.001"
 9:16:28.77 [CE][Storage] ver:24 stamp:64736, valid:yes, name:"mpmissions\TheCommunity.enoch\storage_420\data\dynamic_008.002"
 9:16:28.77 [CE][Storage] Restoring file "mpmissions\TheCommunity.enoch\storage_420\data\dynamic_008.bin" 1150 items.
 9:16:28.405   1150 items loaded.
 9:16:28.405 [CE][Storage] ver:24 stamp:64736, valid:yes, name:"mpmissions\TheCommunity.enoch\storage_420\data\dynamic_009.bin"
 9:16:28.405 [CE][Storage] ver:24 stamp:64735, valid:yes, name:"mpmissions\TheCommunity.enoch\storage_420\data\dynamic_009.001"
 9:16:28.405 [CE][Storage] ver:24 stamp:64736, valid:yes, name:"mpmissions\TheCommunity.enoch\storage_420\data\dynamic_009.002"
 9:16:28.405 [CE][Storage] Restoring file "mpmissions\TheCommunity.enoch\storage_420\data\dynamic_009.bin" 1054 items.
 9:16:28.733   1054 items loaded.
 9:16:28.733 [CE][Storage] ver:24 stamp:64736, valid:yes, name:"mpmissions\TheCommunity.enoch\storage_420\data\dynamic_010.bin"
 9:16:28.733 [CE][Storage] ver:24 stamp:64735, valid:yes, name:"mpmissions\TheCommunity.enoch\storage_420\data\dynamic_010.001"
 9:16:28.733 [CE][Storage] ver:24 stamp:64736, valid:yes, name:"mpmissions\TheCommunity.enoch\storage_420\data\dynamic_010.002"
 9:16:28.733 [CE][Storage] Restoring file "mpmissions\TheCommunity.enoch\storage_420\data\dynamic_010.bin" 2600 items.
 9:16:29.436   2600 items loaded.
 9:16:29.436 [CE][Storage] ver:24 stamp:64736, valid:yes, name:"mpmissions\TheCommunity.enoch\storage_420\data\dynamic_011.bin"
 9:16:29.436 [CE][Storage] ver:24 stamp:64735, valid:yes, name:"mpmissions\TheCommunity.enoch\storage_420\data\dynamic_011.001"
 9:16:29.436 [CE][Storage] ver:24 stamp:64736, valid:yes, name:"mpmissions\TheCommunity.enoch\storage_420\data\dynamic_011.002"
 9:16:29.436 [CE][Storage] Restoring file "mpmissions\TheCommunity.enoch\storage_420\data\dynamic_011.bin" 477 items.
 9:16:29.827   477 items loaded.
 9:16:29.842 [CE][Hive] :: Storage load took:6.41 seconds, recovery stamp:64736
 9:16:29.842   entity: 19050, building: 0
 9:16:29.842   no lifetime: 44
 9:16:29.842 [CE][Hive] :: Initializing ... 
 9:16:29.842 [CE][InitializeMap] :: initialized: 0
 9:16:29.842 [CE][Hive] :: Initializing spawners ... 
 9:16:30.717 [CE][LootRespawner] (PRIDummy) :: Item [0] causing search overtime: "MSFCGorkaPATACSFG"
 9:16:30.717 [CE][LootRespawner] (PRIDummy) :: Item [1] causing search overtime: "MSFCGorkaPATACSFG"
 9:16:30.717 [CE][LootRespawner] (PRIDummy) :: Item [2] causing search overtime: "MSFCGorkaPATACSFG"
 9:16:30.717 [CE][LootRespawner] (PRIDummy) :: Item [3] causing search overtime: "MSFCKryptekRaidPlatePouches"
 9:16:30.717 [CE][LootRespawner] (PRIDummy) :: Item [4] causing search overtime: "MSFCKryptekRaidPlatePouches"
 9:16:30.717 [CE][LootRespawner] (PRIDummy) :: Item [5] causing search overtime: "MSFCKryptekRaidPlatePouches"
 9:16:30.717 [CE][LootRespawner] (PRIDummy) :: Item [6] causing search overtime: "MSFCKryptekRaidPlatePouches"
 9:16:30.717 [CE][LootRespawner] (PRIDummy) :: Item [7] causing search overtime: "PlateCarrierVest"
 9:16:30.717 [CE][LootRespawner] (PRIDummy) :: Item [8] causing search overtime: "PlateCarrierVest"
 9:16:30.717 [CE][LootRespawner] (PRIDummy) :: Item [9] causing search overtime: "PlateCarrierVest"
 9:16:30.717 [CE][LootRespawner] (PRIDummy) :: Item [10] causing search overtime: "PlateCarrierVest"
 9:16:30.717 [CE][LootRespawner] (PRIDummy) :: Item [11] causing search overtime: "PlateCarrierVest"
 9:16:30.717 [CE][LootRespawner] (PRIDummy) :: Item [12] causing search overtime: "PlateCarrierVest"
 9:16:30.717 [CE][LootRespawner] (PRIDummy) :: Item [13] causing search overtime: "PlateCarrierVest"
 9:16:30.717 [CE][LootRespawner] (PRIDummy) :: Item [14] causing search overtime: "PlateCarrierVest"
 9:16:30.717 [CE][LootRespawner] (PRIDummy) :: Item [15] causing search overtime: "PlateCarrierVest"
 9:16:30.717 [CE][LootRespawner] (PRIDummy) :: Item [16] causing search overtime: "PlateCarrierVest"
 9:16:30.717 [CE][LootRespawner] (PRIDummy) :: Item [17] causing search overtime: "PlateCarrierVest"
 9:16:30.717 [CE][LootRespawner] (PRIDummy) :: Item [18] causing search overtime: "PlateCarrierVest"
 9:16:30.717 [CE][LootRespawner] (PRIDummy) :: Item [19] causing search overtime: "PlateCarrierVest"
 9:16:30.717 [CE][LootRespawner] (PRIDummy) :: Item [0] is hard to place, performance drops: "Gloves_skeleton"
 9:16:30.780 [CE][LootRespawner] (PRIDummy) :: Item [1] is hard to place, performance drops: "DressShoes_Black"
 9:16:30.889 [CE][LootRespawner] (PRIDummy) :: Item [2] is hard to place, performance drops: "ShortJeans_Brown"
 9:16:30.967 !!! [CE][Point] Removing 6021.780762, 3976.353027 from Land_Boat_Small2
 9:16:30.967 [CE][LootRespawner] (PRIDummy) :: Item [3] is hard to place, performance drops: "Skirt_Blue"
 9:16:30.967 [CE][LootRespawner] (PRIDummy) :: Item [4] is hard to place, performance drops: "ShortJeans_Green"
 9:16:31.46 [CE][LootRespawner] (PRIDummy) :: Item [5] is hard to place, performance drops: "FP4_DrMask"
 9:16:31.77 [CE][LootRespawner] (PRIDummy) :: Item [6] is hard to place, performance drops: "Sneakers_Green"
 9:16:31.77 [CE][LootRespawner] (PRIDummy) :: Item [7] is hard to place, performance drops: "Sneakers_Green"
 9:16:31.92 [CE][LootRespawner] (PRIDummy) :: Item [8] is hard to place, performance drops: "Breeches_Browncheck"
 9:16:31.171 [CE][LootRespawner] (PRIDummy) :: Item [9] is hard to place, performance drops: "Pliers"
 9:16:31.217 [CE][LootRespawner] (PRIDummy) :: Item [10] is hard to place, performance drops: "MSFCBeerZhigulevskoe"
 9:16:31.217 [CE][LootRespawner] (PRIDummy) :: Item [11] is hard to place, performance drops: "MSFCBeerZhigulevskoe"
 9:16:31.233 [CE][LootRespawner] (PRIDummy) :: Item [12] is hard to place, performance drops: "ManSuit_Beige"
 9:16:31.296 [CE][LootRespawner] (PRIDummy) :: Item [13] is hard to place, performance drops: "katana_Mung"
 9:16:31.296 [CE][LootRespawner] (PRIDummy) :: Item [14] is hard to place, performance drops: "katana_Mung"
 9:16:31.296 [CE][LootRespawner] (PRIDummy) :: Item [15] is hard to place, performance drops: "HikingJacket_Red"
 9:16:31.296 [CE][LootRespawner] (PRIDummy) :: Item [16] is hard to place, performance drops: "HikingJacket_Red"
 9:16:31.327 [CE][LootRespawner] (PRIDummy) :: Item [17] is hard to place, performance drops: "Defender110_dver_2_1_UN"
 9:16:31.358 [CE][LootRespawner] (PRIDummy) :: Item [18] is hard to place, performance drops: "Snipe_Mask_Jeans"
 9:16:31.358 [CE][LootRespawner] (PRIDummy) :: Item [19] is hard to place, performance drops: "Snipe_Mask_Jeans"
 9:16:31.858 [CE][LootRespawner] (PRIDummy) :: Initially (re)spawned:789, Nominal:32677, Total in Map: 17185 at 1 (sec)
 9:16:31.858   tests:832, repeats:0 fails:43, overtime:12662
 9:16:31.858 [CE][DynEvent] :: 33 types
 9:16:31.858 [00] AmbientHen
 9:16:31.858   Primary Spawner: "Ambient", active: yes, repeat: 1
 9:16:31.858 [01] AnimalBear
 9:16:31.858   Primary Spawner: "Animal", active: yes, repeat: 1
 9:16:31.858 [02] AnimalCow
 9:16:31.858   Primary Spawner: "Animal", active: yes, repeat: 1
 9:16:31.858 [03] AnimalDeer
 9:16:31.858   Primary Spawner: "Animal", active: yes, repeat: 1
 9:16:31.858 [04] AnimalGoat
 9:16:31.858   Primary Spawner: "Animal", active: yes, repeat: 1
 9:16:31.858 [05] AnimalPig
 9:16:31.858   Primary Spawner: "Animal", active: yes, repeat: 1
 9:16:31.858 [06] AnimalRoeDeer
 9:16:31.858   Primary Spawner: "Animal", active: yes, repeat: 1
 9:16:31.858 [07] AnimalSheep
 9:16:31.858   Primary Spawner: "Animal", active: yes, repeat: 1
 9:16:31.858 [08] AnimalWildBoar
 9:16:31.858   Primary Spawner: "Animal", active: yes, repeat: 1
 9:16:31.858 [09] AnimalWolf
 9:16:31.858   Primary Spawner: "Animal", active: yes, repeat: 1
 9:16:31.858 [10] InfectedArmy
 9:16:31.858   Primary Spawner: "Infected", active: yes, repeat: 1
 9:16:31.858 [11] InfectedCity
 9:16:31.858   Primary Spawner: "Infected", active: yes, repeat: 1
 9:16:31.858 [12] InfectedFirefighter
 9:16:31.858   Primary Spawner: "Infected", active: yes, repeat: 1
 9:16:31.858 [13] InfectedIndustrial
 9:16:31.858   Primary Spawner: "Infected", active: yes, repeat: 1
 9:16:31.858 [14] InfectedMedic
 9:16:31.858   Primary Spawner: "Infected", active: yes, repeat: 1
 9:16:31.858 [15] InfectedPolice
 9:16:31.858   Primary Spawner: "Infected", active: yes, repeat: 1
 9:16:31.858 [16] InfectedPrisoner
 9:16:31.858   Primary Spawner: "Infected", active: yes, repeat: 1
 9:16:31.858 [17] InfectedReligious
 9:16:31.858   Primary Spawner: "Infected", active: yes, repeat: 1
 9:16:31.858 [18] InfectedSolitude
 9:16:31.858   Primary Spawner: "Infected", active: yes, repeat: 1
 9:16:31.858 [19] InfectedVillage
 9:16:31.858   Primary Spawner: "Infected", active: yes, repeat: 1
 9:16:31.858 [20] ItemPlanks
 9:16:31.858   Primary Spawner: "Item", active: yes, repeat: 1
 9:16:31.858 [21] Loot
 9:16:31.858   Primary Spawner: "Loot", active: yes, repeat: 2
 9:16:31.858 [22] StaticHeliCrash
 9:16:31.858   Primary Spawner: "Vehicle", active: yes, repeat: 1
 9:16:31.858   Secondary Spawner: "Infected", active: yes, repeat: 1
 9:16:31.858 [23] StaticPoliceCar
 9:16:31.858   Primary Spawner: "Vehicle", active: yes, repeat: 1
 9:16:31.858 [24] TrajectoryConiferous
 9:16:31.858   Primary Spawner: "Trajectory", active: yes, repeat: 1
 9:16:31.858 [25] TrajectoryDeciduous
 9:16:31.858   Primary Spawner: "Trajectory", active: yes, repeat: 1
 9:16:31.858 [26] TrajectoryHumus
 9:16:31.858   Primary Spawner: "Trajectory", active: yes, repeat: 1
 9:16:31.858 [27] TrajectoryStones
 9:16:31.858   Primary Spawner: "Trajectory", active: yes, repeat: 1
 9:16:31.858 [28] VehicleCivilianSedan
 9:16:31.858   Primary Spawner: "Vehicle", active: yes, repeat: 1
 9:16:31.858 [29] VehicleHatchback02
 9:16:31.858   Primary Spawner: "Vehicle", active: yes, repeat: 1
 9:16:31.858 [30] VehicleOffroadHatchback
 9:16:31.858   Primary Spawner: "Vehicle", active: yes, repeat: 1
 9:16:31.858 [31] VehicleSedan02
 9:16:31.858   Primary Spawner: "Vehicle", active: yes, repeat: 1
 9:16:31.858 [32] VehicleCrSk_Land_Rover_Defender_110
 9:16:31.858   Primary Spawner: "Vehicle", active: yes, repeat: 1
 9:16:31.858 [CE][Hive] :: Initializing of spawners done.
 9:16:31.874 [CE][Hive] :: Init sequence finished.
 9:16:31.874 Player connect enabled
 9:16:35.890 Average server FPS: 130.53 (measured interval: 30 s)
 9:16:35.890 Used memory: 1621886 KB
 9:16:35.890 Players: 0 in total
 9:17:05.891 Average server FPS: 5302.93 (measured interval: 30 s)
 9:17:05.891 Used memory: 1648465 KB
 9:17:05.891 Players: 0 in total
 9:17:35.877 Average server FPS: 6101.67 (measured interval: 30 s)
 9:17:35.877 Used memory: 1663992 KB
 9:17:35.877 Players: 0 in total
 9:18:05.878 Average server FPS: 5957.50 (measured interval: 30 s)
 9:18:05.878 Used memory: 1670043 KB
 9:18:05.878 Players: 0 in total
 9:18:35.880 Average server FPS: 6216.87 (measured interval: 30 s)
 9:18:35.880 Used memory: 1675358 KB
 9:18:35.880 Players: 0 in total
 9:19:05.881 Average server FPS: 6214.90 (measured interval: 30 s)
 9:19:05.881 Used memory: 1688828 KB
 9:19:05.881 Players: 0 in total
 9:19:35.883 Average server FPS: 6225.77 (measured interval: 30 s)
 9:19:35.883 Used memory: 1698075 KB
 9:19:35.883 Players: 0 in total
 9:20:05.884 Average server FPS: 6151.17 (measured interval: 30 s)
 9:20:05.884 Used memory: 1706961 KB
 9:20:05.884 Players: 0 in total
 9:20:35.886 Average server FPS: 6185.50 (measured interval: 30 s)
 9:20:35.886 Used memory: 1731661 KB
 9:20:35.886 Players: 0 in total
 9:21:05.887 Average server FPS: 6244.30 (measured interval: 30 s)
 9:21:05.887 Used memory: 1740229 KB
 9:21:05.887 Players: 0 in total
 9:21:35.889 Average server FPS: 6230.20 (measured interval: 30 s)
 9:21:35.889 Used memory: 1752243 KB
 9:21:35.889 Players: 0 in total
 9:22:05.890 Average server FPS: 6155.67 (measured interval: 30 s)
 9:22:05.890 Used memory: 1761397 KB
 9:22:05.890 Players: 0 in total
 9:22:35.892 Average server FPS: 6148.57 (measured interval: 30 s)
 9:22:35.892 Used memory: 1768837 KB
 9:22:35.892 Players: 0 in total
 9:23:05.878 Average server FPS: 6342.10 (measured interval: 30 s)
 9:23:05.878 Used memory: 1770868 KB
 9:23:05.878 Players: 0 in total
 9:23:35.879 Average server FPS: 6537.90 (measured interval: 30 s)
 9:23:35.879 Used memory: 1770581 KB
 9:23:35.879 Players: 0 in total
 9:24:05.881 Average server FPS: 6434.70 (measured interval: 30 s)
 9:24:05.881 Used memory: 1771530 KB
 9:24:05.881 Players: 0 in total
 9:24:35.882 Average server FPS: 6533.73 (measured interval: 30 s)
 9:24:35.882 Used memory: 1771437 KB
 9:24:35.882 Players: 0 in total
 9:25:05.884 Average server FPS: 6534.07 (measured interval: 30 s)
 9:25:05.884 Used memory: 1771188 KB
 9:25:05.884 Players: 0 in total
 9:25:35.885 Average server FPS: 6433.27 (measured interval: 30 s)
 9:25:35.885 Used memory: 1770958 KB
 9:25:35.885 Players: 0 in total
 9:26:05.887 Average server FPS: 6528.47 (measured interval: 30 s)
 9:26:05.887 Used memory: 1770913 KB
 9:26:05.887 Players: 0 in total
 9:26:35.888 Average server FPS: 6515.30 (measured interval: 30 s)
 9:26:35.888 Used memory: 1771266 KB
 9:26:35.888 Players: 0 in total
 9:27:05.890 Average server FPS: 6333.93 (measured interval: 30 s)
 9:27:05.890 Used memory: 1771934 KB
 9:27:05.890 Players: 0 in total
 9:27:35.891 Average server FPS: 6441.60 (measured interval: 30 s)
 9:27:35.891 Used memory: 1771883 KB
 9:27:35.891 Players: 0 in total
 9:28:05.877 Average server FPS: 6403.03 (measured interval: 30 s)
 9:28:05.877 Used memory: 1771722 KB
 9:28:05.877 Players: 0 in total
 9:28:35.879 Average server FPS: 6406.27 (measured interval: 30 s)
 9:28:35.879 Used memory: 1771631 KB
 9:28:35.879 Players: 0 in total
 9:29:05.880 Average server FPS: 6345.33 (measured interval: 30 s)
 9:29:05.880 Used memory: 1771312 KB
 9:29:05.880 Players: 0 in total
 9:29:35.882 Average server FPS: 6393.10 (measured interval: 30 s)
 9:29:35.882 Used memory: 1771060 KB
 9:29:35.882 Players: 0 in total
 9:30:05.883 Average server FPS: 6306.67 (measured interval: 30 s)
 9:30:05.883 Used memory: 1771001 KB
 9:30:05.883 Players: 0 in total
 9:30:35.885 Average server FPS: 6394.47 (measured interval: 30 s)
 9:30:35.885 Used memory: 1770718 KB
 9:30:35.885 Players: 0 in total
 9:30:50.651 [CE][Links] found 0 total links between groups, of 1
 9:30:50.651 [CE][SpawnRandomLoot] (StaticHeliCrash) :: ChildType: Wreck_UH1Y, lootmin: 10, lootmax: 20, wanted: 11
 9:31:05.886 Average server FPS: 6563.50 (measured interval: 30 s)
 9:31:05.886 Used memory: 1770824 KB
 9:31:05.886 Players: 0 in total
 9:31:35.888 Average server FPS: 6527.00 (measured interval: 30 s)
 9:31:35.888 Used memory: 1770636 KB
 9:31:35.888 Players: 0 in total
 9:32:05.889 Average server FPS: 6570.67 (measured interval: 30 s)
 9:32:05.889 Used memory: 1770466 KB
 9:32:05.889 Players: 0 in total
 9:32:35.891 Average server FPS: 6571.70 (measured interval: 30 s)
 9:32:35.891 Used memory: 1771529 KB
 9:32:35.891 Players: 0 in total
 9:33:05.892 Average server FPS: 6542.23 (measured interval: 30 s)
 9:33:05.892 Used memory: 1771357 KB
 9:33:05.892 Players: 0 in total
 9:33:35.878 Average server FPS: 6597.87 (measured interval: 30 s)
 9:33:35.878 Used memory: 1771257 KB
 9:33:35.878 Players: 0 in total
 9:34:05.880 Average server FPS: 6602.13 (measured interval: 30 s)
 9:34:05.880 Used memory: 1770922 KB
 9:34:05.880 Players: 0 in total
 9:34:35.881 Average server FPS: 6607.97 (measured interval: 30 s)
 9:34:35.881 Used memory: 1770834 KB
 9:34:35.881 Players: 0 in total
 9:35:05.883 Average server FPS: 6596.67 (measured interval: 30 s)
 9:35:05.883 Used memory: 1770735 KB
 9:35:05.883 Players: 0 in total
 9:35:35.884 Average server FPS: 6614.20 (measured interval: 30 s)
 9:35:35.884 Used memory: 1770564 KB
 9:35:35.884 Players: 0 in total
 9:36:05.886 Average server FPS: 6608.73 (measured interval: 30 s)
 9:36:05.886 Used memory: 1770418 KB
 9:36:05.886 Players: 0 in total
 9:36:35.887 Average server FPS: 5730.03 (measured interval: 30 s)
 9:36:35.887 Used memory: 1770722 KB
 9:36:35.887 Players: 0 in total
 9:37:05.889 Average server FPS: 6622.83 (measured interval: 30 s)
 9:37:05.889 Used memory: 1770628 KB
 9:37:05.889 Players: 0 in total
 9:37:35.890 Average server FPS: 6623.87 (measured interval: 30 s)
 9:37:35.890 Used memory: 1770543 KB
 9:37:35.890 Players: 0 in total
 9:38:05.892 Average server FPS: 6637.37 (measured interval: 30 s)
 9:38:05.892 Used memory: 1770145 KB
 9:38:05.892 Players: 0 in total
 9:38:35.877 Average server FPS: 6619.07 (measured interval: 30 s)
 9:38:35.877 Used memory: 1769890 KB
 9:38:35.877 Players: 0 in total
 9:39:05.879 Average server FPS: 6620.17 (measured interval: 30 s)
 9:39:05.879 Used memory: 1769529 KB
 9:39:05.879 Players: 0 in total
 9:39:35.880 Average server FPS: 6632.93 (measured interval: 30 s)
 9:39:35.880 Used memory: 1769347 KB
 9:39:35.880 Players: 0 in total
 9:40:05.882 Average server FPS: 6618.13 (measured interval: 30 s)
 9:40:05.882 Used memory: 1768970 KB
 9:40:05.882 Players: 0 in total
 9:40:35.883 Average server FPS: 6599.93 (measured interval: 30 s)
 9:40:35.883 Used memory: 1769284 KB
 9:40:35.883 Players: 0 in total
 9:41:05.885 Average server FPS: 6607.27 (measured interval: 30 s)
 9:41:05.885 Used memory: 1769348 KB
 9:41:05.885 Players: 0 in total
 9:41:35.886 Average server FPS: 6611.23 (measured interval: 30 s)
 9:41:35.886 Used memory: 1769345 KB
 9:41:35.886 Players: 0 in total
 9:42:05.888 Average server FPS: 6597.93 (measured interval: 30 s)
 9:42:05.888 Used memory: 1769320 KB
 9:42:05.888 Players: 0 in total
 9:42:35.889 Average server FPS: 6588.67 (measured interval: 30 s)
 9:42:35.889 Used memory: 1769161 KB
 9:42:35.889 Players: 0 in total
 9:43:05.891 Average server FPS: 6595.17 (measured interval: 30 s)
 9:43:05.891 Used memory: 1769036 KB
 9:43:05.891 Players: 0 in total
 9:43:35.877 Average server FPS: 6605.50 (measured interval: 30 s)
 9:43:35.877 Used memory: 1768901 KB
 9:43:35.877 Players: 0 in total
 9:44:05.878 Average server FPS: 6603.07 (measured interval: 30 s)
 9:44:05.878 Used memory: 1768968 KB
 9:44:05.878 Players: 0 in total
 9:44:35.880 Average server FPS: 6603.20 (measured interval: 30 s)
 9:44:35.880 Used memory: 1768858 KB
 9:44:35.880 Players: 0 in total
 9:45:05.881 Average server FPS: 6584.23 (measured interval: 30 s)
 9:45:05.881 Used memory: 1768926 KB
 9:45:05.881 Players: 0 in total
 9:45:35.883 Average server FPS: 6581.97 (measured interval: 30 s)
 9:45:35.883 Used memory: 1768812 KB
 9:45:35.883 Players: 0 in total
 9:45:38.352 [CE][Links] found 0 total links between groups, of 2
 9:45:38.352 [CE][SpawnRandomLoot] (StaticHeliCrash) :: ChildType: Wreck_UH1Y, lootmin: 10, lootmax: 20, wanted: 13
 9:45:38.367 [CE][Links] found 0 total links between groups, of 3
 9:45:38.367 [CE][SpawnRandomLoot] (StaticHeliCrash) :: ChildType: Wreck_UH1Y, lootmin: 10, lootmax: 20, wanted: 16
 9:46:05.884 Average server FPS: 6578.43 (measured interval: 30 s)
 9:46:05.884 Used memory: 1768922 KB
 9:46:05.884 Players: 0 in total
 9:46:35.886 Average server FPS: 6600.30 (measured interval: 30 s)
 9:46:35.886 Used memory: 1768871 KB
 9:46:35.886 Players: 0 in total
 9:47:05.887 Average server FPS: 6573.37 (measured interval: 30 s)
 9:47:05.887 Used memory: 1768010 KB
 9:47:05.887 Players: 0 in total
 9:47:35.889 Average server FPS: 6551.93 (measured interval: 30 s)
 9:47:35.889 Used memory: 1767321 KB
 9:47:35.889 Players: 0 in total
 9:47:51.358 [CE][Links] found 0 total links between groups, of 4
 9:47:51.358 [CE][SpawnRandomLoot] (StaticPoliceCar) :: ChildType: Land_Wreck_Volha_Police, lootmin: 3, lootmax: 5, wanted: 4
 9:47:51.358 [CE][Links] found 0 total links between groups, of 5
 9:47:51.358 [CE][SpawnRandomLoot] (StaticPoliceCar) :: ChildType: Land_Wreck_Volha_Police, lootmin: 3, lootmax: 5, wanted: 3
 9:47:51.374 [CE][Links] found 0 total links between groups, of 6
 9:47:51.374 [CE][SpawnRandomLoot] (StaticPoliceCar) :: ChildType: Land_Wreck_Volha_Police, lootmin: 3, lootmax: 5, wanted: 4
 9:47:51.374 [CE][Links] found 0 total links between groups, of 7
 9:47:51.374 [CE][SpawnRandomLoot] (StaticPoliceCar) :: ChildType: Land_Wreck_Volha_Police, lootmin: 3, lootmax: 5, wanted: 3
 9:47:51.374 [CE][Links] found 0 total links between groups, of 8
 9:47:51.374 [CE][SpawnRandomLoot] (StaticPoliceCar) :: ChildType: Land_Wreck_Volha_Police, lootmin: 3, lootmax: 5, wanted: 3
 9:47:51.374 [CE][Links] found 0 total links between groups, of 9
 9:47:51.374 [CE][SpawnRandomLoot] (StaticPoliceCar) :: ChildType: Land_Wreck_Volha_Police, lootmin: 3, lootmax: 5, wanted: 3
 9:47:51.390 [CE][Links] found 0 total links between groups, of 10
 9:47:51.390 [CE][SpawnRandomLoot] (StaticPoliceCar) :: ChildType: Land_Wreck_Volha_Police, lootmin: 3, lootmax: 5, wanted: 4
 9:47:51.390 [CE][Links] found 0 total links between groups, of 11
 9:47:51.390 [CE][SpawnRandomLoot] (StaticPoliceCar) :: ChildType: Land_Wreck_Volha_Police, lootmin: 3, lootmax: 5, wanted: 3
 9:47:51.390 [CE][Links] found 0 total links between groups, of 12
 9:47:51.390 [CE][SpawnRandomLoot] (StaticPoliceCar) :: ChildType: Land_Wreck_Volha_Police, lootmin: 3, lootmax: 5, wanted: 3
 9:47:51.390 [CE][Links] found 0 total links between groups, of 13
 9:47:51.390 [CE][SpawnRandomLoot] (StaticPoliceCar) :: ChildType: Land_Wreck_Volha_Police, lootmin: 3, lootmax: 5, wanted: 3
 9:48:05.890 Average server FPS: 6377.07 (measured interval: 30 s)
 9:48:05.890 Used memory: 1768359 KB
 9:48:05.890 Players: 0 in total
 9:48:35.892 Average server FPS: 6561.30 (measured interval: 30 s)
 9:48:35.892 Used memory: 1768215 KB
 9:48:35.892 Players: 0 in total
 9:49:05.878 Average server FPS: 6561.57 (measured interval: 30 s)
 9:49:05.878 Used memory: 1768263 KB
 9:49:05.878 Players: 0 in total
 9:49:35.879 Average server FPS: 6533.60 (measured interval: 30 s)
 9:49:35.879 Used memory: 1768498 KB
 9:49:35.879 Players: 0 in total
 9:50:05.881 Average server FPS: 6526.03 (measured interval: 30 s)
 9:50:05.881 Used memory: 1768382 KB
 9:50:05.881 Players: 0 in total
 9:50:35.882 Average server FPS: 6553.67 (measured interval: 30 s)
 9:50:35.882 Used memory: 1768232 KB
 9:50:35.882 Players: 0 in total
 9:51:05.884 Average server FPS: 6554.63 (measured interval: 30 s)
 9:51:05.884 Used memory: 1768535 KB
 9:51:05.884 Players: 0 in total
 9:51:35.885 Average server FPS: 6545.97 (measured interval: 30 s)
 9:51:35.885 Used memory: 1768371 KB
 9:51:35.885 Players: 0 in total
 9:52:05.887 Average server FPS: 6533.93 (measured interval: 30 s)
 9:52:05.887 Used memory: 1768385 KB
 9:52:05.887 Players: 0 in total
 9:52:35.888 Average server FPS: 6541.73 (measured interval: 30 s)
 9:52:35.888 Used memory: 1768302 KB
 9:52:35.888 Players: 0 in total
 9:53:05.890 Average server FPS: 6548.73 (measured interval: 30 s)
 9:53:05.890 Used memory: 1768225 KB
 9:53:05.890 Players: 0 in total
 9:53:35.891 Average server FPS: 6556.60 (measured interval: 30 s)
 9:53:35.891 Used memory: 1768214 KB
 9:53:35.891 Players: 0 in total
 9:54:05.877 Average server FPS: 6551.03 (measured interval: 30 s)
 9:54:05.877 Used memory: 1768410 KB
 9:54:05.877 Players: 0 in total
 9:54:35.879 Average server FPS: 6552.93 (measured interval: 30 s)
 9:54:35.879 Used memory: 1768303 KB
 9:54:35.879 Players: 0 in total
 9:55:05.880 Average server FPS: 6546.53 (measured interval: 30 s)
 9:55:05.880 Used memory: 1767997 KB
 9:55:05.880 Players: 0 in total
 9:55:35.882 Average server FPS: 6554.13 (measured interval: 30 s)
 9:55:35.882 Used memory: 1768437 KB
 9:55:35.882 Players: 0 in total
 9:56:05.883 Average server FPS: 6564.97 (measured interval: 30 s)
 9:56:05.883 Used memory: 1768000 KB
 9:56:05.883 Players: 0 in total
 9:56:35.885 Average server FPS: 6552.93 (measured interval: 30 s)
 9:56:35.885 Used memory: 1767850 KB
 9:56:35.885 Players: 0 in total
 9:57:05.886 Average server FPS: 6562.40 (measured interval: 30 s)
 9:57:05.886 Used memory: 1767684 KB
 9:57:05.886 Players: 0 in total
 9:57:35.888 Average server FPS: 6517.80 (measured interval: 30 s)
 9:57:35.888 Used memory: 1767467 KB
 9:57:35.888 Players: 0 in total
 9:58:05.889 Average server FPS: 6481.93 (measured interval: 30 s)
 9:58:05.889 Used memory: 1767423 KB
 9:58:05.889 Players: 0 in total
 9:58:08.155 !!! [CE][Point] Removing 6021.908691, 3977.653809 from Land_Boat_Small2
 9:58:35.891 Average server FPS: 6460.87 (measured interval: 30 s)
 9:58:35.891 Used memory: 1767419 KB
 9:58:35.891 Players: 0 in total
 9:59:05.892 Average server FPS: 6409.57 (measured interval: 30 s)
 9:59:05.892 Used memory: 1767684 KB
 9:59:05.892 Players: 0 in total
 9:59:35.878 Average server FPS: 6464.73 (measured interval: 30 s)
 9:59:35.878 Used memory: 1767519 KB
 9:59:35.878 Players: 0 in total
10:00:05.880 Average server FPS: 6388.93 (measured interval: 30 s)
10:00:05.880 Used memory: 1767301 KB
10:00:05.880 Players: 0 in total
10:00:35.881 Average server FPS: 6383.63 (measured interval: 30 s)
10:00:35.881 Used memory: 1767441 KB
10:00:35.881 Players: 0 in total
10:01:05.883 Average server FPS: 6571.83 (measured interval: 30 s)
10:01:05.883 Used memory: 1767504 KB
10:01:05.883 Players: 0 in total
10:01:35.884 Average server FPS: 6572.70 (measured interval: 30 s)
10:01:35.884 Used memory: 1767362 KB
10:01:35.884 Players: 0 in total
10:02:05.886 Average server FPS: 6558.27 (measured interval: 30 s)
10:02:05.886 Used memory: 1767642 KB
10:02:05.886 Players: 0 in total
10:02:35.887 Average server FPS: 6536.80 (measured interval: 30 s)
10:02:35.887 Used memory: 1768300 KB
10:02:35.887 Players: 0 in total
10:03:05.889 Average server FPS: 6516.63 (measured interval: 30 s)
10:03:05.889 Used memory: 1768589 KB
10:03:05.889 Players: 0 in total
10:03:35.890 Average server FPS: 6564.47 (measured interval: 30 s)
10:03:35.890 Used memory: 1768409 KB
10:03:35.890 Players: 0 in total
10:04:05.892 Average server FPS: 6544.20 (measured interval: 30 s)
10:04:05.892 Used memory: 1768939 KB
10:04:05.892 Players: 0 in total
10:04:35.877 Average server FPS: 6545.27 (measured interval: 30 s)
10:04:35.877 Used memory: 1768767 KB
10:04:35.877 Players: 0 in total
10:05:05.879 Average server FPS: 6509.67 (measured interval: 30 s)
10:05:05.879 Used memory: 1768552 KB
10:05:05.879 Players: 0 in total
10:05:35.880 Average server FPS: 6563.93 (measured interval: 30 s)
10:05:35.880 Used memory: 1768303 KB
10:05:35.880 Players: 0 in total
10:06:05.882 Average server FPS: 6558.17 (measured interval: 30 s)
10:06:05.882 Used memory: 1768447 KB
10:06:05.882 Players: 0 in total
10:06:35.883 Average server FPS: 6555.07 (measured interval: 30 s)
10:06:35.883 Used memory: 1768262 KB
10:06:35.883 Players: 0 in total
10:07:05.885 Average server FPS: 6571.87 (measured interval: 30 s)
10:07:05.885 Used memory: 1767988 KB
10:07:05.885 Players: 0 in total
10:07:35.886 Average server FPS: 6587.43 (measured interval: 30 s)
10:07:35.886 Used memory: 1767913 KB
10:07:35.886 Players: 0 in total
10:08:05.888 Average server FPS: 6578.33 (measured interval: 30 s)
10:08:05.888 Used memory: 1768022 KB
10:08:05.888 Players: 0 in total
10:08:35.889 Average server FPS: 6572.00 (measured interval: 30 s)
10:08:35.889 Used memory: 1769153 KB
10:08:35.889 Players: 0 in total
10:09:05.891 Average server FPS: 6556.43 (measured interval: 30 s)
10:09:05.891 Used memory: 1769550 KB
10:09:05.891 Players: 0 in total
10:09:35.877 Average server FPS: 6563.50 (measured interval: 30 s)
10:09:35.877 Used memory: 1769411 KB
10:09:35.877 Players: 0 in total
10:10:05.878 Average server FPS: 6555.03 (measured interval: 30 s)
10:10:05.878 Used memory: 1769713 KB
10:10:05.878 Players: 0 in total
10:10:35.880 Average server FPS: 6575.50 (measured interval: 30 s)
10:10:35.880 Used memory: 1769821 KB
10:10:35.880 Players: 0 in total
10:11:05.881 Average server FPS: 6294.83 (measured interval: 30 s)
10:11:05.881 Used memory: 1769691 KB
10:11:05.881 Players: 0 in total
10:11:35.883 Average server FPS: 6569.87 (measured interval: 30 s)
10:11:35.883 Used memory: 1770019 KB
10:11:35.883 Players: 0 in total
10:12:05.884 Average server FPS: 6584.93 (measured interval: 30 s)
10:12:05.884 Used memory: 1770124 KB
10:12:05.884 Players: 0 in total
10:12:35.886 Average server FPS: 6586.03 (measured interval: 30 s)
10:12:35.886 Used memory: 1769925 KB
10:12:35.886 Players: 0 in total
10:13:05.887 Average server FPS: 6584.43 (measured interval: 30 s)
10:13:05.887 Used memory: 1769727 KB
10:13:05.887 Players: 0 in total
10:13:24.966 [CE][Links] found 0 total links between groups, of 14
10:13:24.966 [CE][SpawnRandomLoot] (StaticHeliCrash) :: ChildType: Wreck_Mi8, lootmin: 10, lootmax: 20, wanted: 15
10:13:35.889 Average server FPS: 6581.10 (measured interval: 30 s)
10:13:35.889 Used memory: 1769705 KB
10:13:35.889 Players: 0 in total
10:14:05.890 Average server FPS: 6571.97 (measured interval: 30 s)
10:14:05.890 Used memory: 1769645 KB
10:14:05.890 Players: 0 in total
10:14:35.892 Average server FPS: 6531.83 (measured interval: 30 s)
10:14:35.892 Used memory: 1769715 KB
10:14:35.892 Players: 0 in total
10:15:05.878 Average server FPS: 6466.07 (measured interval: 30 s)
10:15:05.878 Used memory: 1769698 KB
10:15:05.878 Players: 0 in total
10:15:35.879 Average server FPS: 6339.47 (measured interval: 30 s)
10:15:35.879 Used memory: 1769692 KB
10:15:35.879 Players: 0 in total
10:16:05.881 Average server FPS: 6288.17 (measured interval: 30 s)
10:16:05.881 Used memory: 1771018 KB
10:16:05.881 Players: 0 in total
10:16:35.882 Average server FPS: 6235.93 (measured interval: 30 s)
10:16:35.882 Used memory: 1770252 KB
10:16:35.882 Players: 0 in total
10:17:05.884 Average server FPS: 6543.73 (measured interval: 30 s)
10:17:05.884 Used memory: 1770129 KB
10:17:05.884 Players: 0 in total
10:17:35.885 Average server FPS: 6600.57 (measured interval: 30 s)
10:17:35.885 Used memory: 1769722 KB
10:17:35.885 Players: 0 in total
10:18:05.887 Average server FPS: 5759.03 (measured interval: 30 s)
10:18:05.887 Used memory: 1769667 KB
10:18:05.887 Players: 0 in total
10:18:35.888 Average server FPS: 5200.17 (measured interval: 30 s)
10:18:35.888 Used memory: 1769383 KB
10:18:35.888 Players: 0 in total
10:19:05.890 Average server FPS: 6462.00 (measured interval: 30 s)
10:19:05.890 Used memory: 1769376 KB
10:19:05.890 Players: 0 in total
10:19:35.891 Average server FPS: 6432.33 (measured interval: 30 s)
10:19:35.891 Used memory: 1769281 KB
10:19:35.891 Players: 0 in total
10:20:05.877 Average server FPS: 6384.13 (measured interval: 30 s)
10:20:05.877 Used memory: 1769346 KB
10:20:05.877 Players: 0 in total
10:20:35.879 Average server FPS: 6421.80 (measured interval: 30 s)
10:20:35.879 Used memory: 1769242 KB
10:20:35.879 Players: 0 in total
10:21:05.880 Average server FPS: 6455.30 (measured interval: 30 s)
10:21:05.880 Used memory: 1768908 KB
10:21:05.880 Players: 0 in total
10:21:35.882 Average server FPS: 6476.83 (measured interval: 30 s)
10:21:35.882 Used memory: 1768687 KB
10:21:35.882 Players: 0 in total
10:22:05.883 Average server FPS: 6450.53 (measured interval: 30 s)
10:22:05.883 Used memory: 1768534 KB
10:22:05.883 Players: 0 in total
10:22:35.885 Average server FPS: 6420.10 (measured interval: 30 s)
10:22:35.885 Used memory: 1768389 KB
10:22:35.885 Players: 0 in total
10:23:05.886 Average server FPS: 6483.57 (measured interval: 30 s)
10:23:05.886 Used memory: 1768158 KB
10:23:05.886 Players: 0 in total
10:23:35.888 Average server FPS: 6457.17 (measured interval: 30 s)
10:23:35.888 Used memory: 1768332 KB
10:23:35.888 Players: 0 in total
10:24:05.889 Average server FPS: 6457.50 (measured interval: 30 s)
10:24:05.889 Used memory: 1768392 KB
10:24:05.889 Players: 0 in total
10:24:35.891 Average server FPS: 6452.37 (measured interval: 30 s)
10:24:35.891 Used memory: 1768411 KB
10:24:35.891 Players: 0 in total
10:25:05.892 Average server FPS: 6469.87 (measured interval: 30 s)
10:25:05.892 Used memory: 1768257 KB
10:25:05.892 Players: 0 in total
10:25:35.878 Average server FPS: 6460.43 (measured interval: 30 s)
10:25:35.878 Used memory: 1768290 KB
10:25:35.878 Players: 0 in total
10:26:05.880 Average server FPS: 6478.63 (measured interval: 30 s)
10:26:05.880 Used memory: 1767969 KB
10:26:05.880 Players: 0 in total
10:26:35.881 Average server FPS: 6420.83 (measured interval: 30 s)
10:26:35.881 Used memory: 1767363 KB
10:26:35.881 Players: 0 in total
10:27:05.883 Average server FPS: 6168.20 (measured interval: 30 s)
10:27:05.883 Used memory: 1767144 KB
10:27:05.883 Players: 0 in total
10:27:35.884 Average server FPS: 6328.63 (measured interval: 30 s)
10:27:35.884 Used memory: 1767031 KB
10:27:35.884 Players: 0 in total
10:28:05.886 Average server FPS: 6300.37 (measured interval: 30 s)
10:28:05.886 Used memory: 1766939 KB
10:28:05.886 Players: 0 in total
10:28:12.792 [CE][Links] found 0 total links between groups, of 15
10:28:12.792 [CE][SpawnRandomLoot] (StaticHeliCrash) :: ChildType: Wreck_Mi8, lootmin: 10, lootmax: 20, wanted: 12
10:28:12.808 [CE][Links] found 0 total links between groups, of 16
10:28:12.808 [CE][SpawnRandomLoot] (StaticHeliCrash) :: ChildType: Wreck_Mi8, lootmin: 10, lootmax: 20, wanted: 13
10:28:35.887 Average server FPS: 6280.20 (measured interval: 30 s)
10:28:35.887 Used memory: 1767245 KB
10:28:35.887 Players: 0 in total
10:29:05.889 Average server FPS: 6201.17 (measured interval: 30 s)
10:29:05.889 Used memory: 1767350 KB
10:29:05.889 Players: 0 in total
10:29:35.890 Average server FPS: 6251.17 (measured interval: 30 s)
10:29:35.890 Used memory: 1767158 KB
10:29:35.890 Players: 0 in total
10:30:05.892 Average server FPS: 6271.87 (measured interval: 30 s)
10:30:05.892 Used memory: 1766283 KB
10:30:05.892 Players: 0 in total
10:30:25.799 [CE][Links] found 0 total links between groups, of 17
10:30:25.799 [CE][SpawnRandomLoot] (StaticPoliceCar) :: ChildType: Land_Wreck_Volha_Police, lootmin: 3, lootmax: 5, wanted: 4
10:30:25.799 [CE][Links] found 0 total links between groups, of 18
10:30:25.799 [CE][SpawnRandomLoot] (StaticPoliceCar) :: ChildType: Land_Wreck_Volha_Police, lootmin: 3, lootmax: 5, wanted: 4
10:30:25.799 [CE][Links] found 0 total links between groups, of 19
10:30:25.799 [CE][SpawnRandomLoot] (StaticPoliceCar) :: ChildType: Land_Wreck_Volha_Police, lootmin: 3, lootmax: 5, wanted: 3
10:30:25.799 [CE][Links] found 0 total links between groups, of 20
10:30:25.799 [CE][SpawnRandomLoot] (StaticPoliceCar) :: ChildType: Land_Wreck_Volha_Police, lootmin: 3, lootmax: 5, wanted: 3
10:30:25.814 [CE][Links] found 0 total links between groups, of 21
10:30:25.814 [CE][SpawnRandomLoot] (StaticPoliceCar) :: ChildType: Land_Wreck_Volha_Police, lootmin: 3, lootmax: 5, wanted: 3
10:30:25.814 [CE][Links] found 0 total links between groups, of 22
10:30:25.814 [CE][SpawnRandomLoot] (StaticPoliceCar) :: ChildType: Land_Wreck_Volha_Police, lootmin: 3, lootmax: 5, wanted: 3
10:30:25.814 [CE][Links] found 0 total links between groups, of 23
10:30:25.814 [CE][SpawnRandomLoot] (StaticPoliceCar) :: ChildType: Land_Wreck_Volha_Police, lootmin: 3, lootmax: 5, wanted: 4
10:30:25.830 [CE][Links] found 0 total links between groups, of 24
10:30:25.830 [CE][SpawnRandomLoot] (StaticPoliceCar) :: ChildType: Land_Wreck_Volha_Police, lootmin: 3, lootmax: 5, wanted: 4
10:30:25.830 [CE][Links] found 0 total links between groups, of 25
10:30:25.830 [CE][SpawnRandomLoot] (StaticPoliceCar) :: ChildType: Land_Wreck_Volha_Police, lootmin: 3, lootmax: 5, wanted: 4
10:30:25.830 [CE][Links] found 0 total links between groups, of 26
10:30:25.830 [CE][SpawnRandomLoot] (StaticPoliceCar) :: ChildType: Land_Wreck_Volha_Police, lootmin: 3, lootmax: 5, wanted: 4
10:30:35.877 Average server FPS: 6020.03 (measured interval: 30 s)
10:30:35.877 Used memory: 1766822 KB
10:30:35.877 Players: 0 in total
10:31:05.879 Average server FPS: 6375.23 (measured interval: 30 s)
10:31:05.879 Used memory: 1767392 KB
10:31:05.879 Players: 0 in total
10:31:35.880 Average server FPS: 6382.10 (measured interval: 30 s)
10:31:35.880 Used memory: 1767354 KB
10:31:35.880 Players: 0 in total
10:32:05.882 Average server FPS: 6386.17 (measured interval: 30 s)
10:32:05.882 Used memory: 1767198 KB
10:32:05.882 Players: 0 in total
10:32:35.883 Average server FPS: 6381.70 (measured interval: 30 s)
10:32:35.883 Used memory: 1766879 KB
10:32:35.883 Players: 0 in total
10:33:05.885 Average server FPS: 6372.60 (measured interval: 30 s)
10:33:05.885 Used memory: 1766918 KB
10:33:05.885 Players: 0 in total
10:33:35.886 Average server FPS: 6373.97 (measured interval: 30 s)
10:33:35.886 Used memory: 1766926 KB
10:33:35.886 Players: 0 in total
10:34:05.888 Average server FPS: 6391.63 (measured interval: 30 s)
10:34:05.888 Used memory: 1766894 KB
10:34:05.888 Players: 0 in total
10:34:35.889 Average server FPS: 6434.83 (measured interval: 30 s)
10:34:35.889 Used memory: 1766627 KB
10:34:35.889 Players: 0 in total
10:35:05.891 Average server FPS: 6413.67 (measured interval: 30 s)
10:35:05.891 Used memory: 1766253 KB
10:35:05.891 Players: 0 in total
10:35:35.892 Average server FPS: 6495.93 (measured interval: 30 s)
10:35:35.892 Used memory: 1766171 KB
10:35:35.892 Players: 0 in total
10:36:05.878 Average server FPS: 6484.77 (measured interval: 30 s)
10:36:05.878 Used memory: 1766788 KB
10:36:05.878 Players: 0 in total
10:36:35.880 Average server FPS: 6485.67 (measured interval: 30 s)
10:36:35.880 Used memory: 1767012 KB
10:36:35.880 Players: 0 in total
10:37:05.881 Average server FPS: 6488.93 (measured interval: 30 s)
10:37:05.881 Used memory: 1767090 KB
10:37:05.881 Players: 0 in total
10:37:35.883 Average server FPS: 6428.13 (measured interval: 30 s)
10:37:35.883 Used memory: 1767362 KB
10:37:35.883 Players: 0 in total
10:38:05.884 Average server FPS: 6472.73 (measured interval: 30 s)
10:38:05.884 Used memory: 1767340 KB
10:38:05.884 Players: 0 in total
10:38:35.886 Average server FPS: 6499.97 (measured interval: 30 s)
10:38:35.886 Used memory: 1767328 KB
10:38:35.886 Players: 0 in total
10:39:05.887 Average server FPS: 6491.63 (measured interval: 30 s)
10:39:05.887 Used memory: 1766981 KB
10:39:05.887 Players: 0 in total
10:39:35.889 Average server FPS: 6491.57 (measured interval: 30 s)
10:39:35.889 Used memory: 1766737 KB
10:39:35.889 Players: 0 in total
10:40:05.890 Average server FPS: 6486.07 (measured interval: 30 s)
10:40:05.890 Used memory: 1766647 KB
10:40:05.890 Players: 0 in total
10:40:35.892 Average server FPS: 6500.10 (measured interval: 30 s)
10:40:35.892 Used memory: 1766580 KB
10:40:35.892 Players: 0 in total
10:41:05.878 Average server FPS: 6513.70 (measured interval: 30 s)
10:41:05.878 Used memory: 1766227 KB
10:41:05.878 Players: 0 in total
10:41:35.879 Average server FPS: 6484.27 (measured interval: 30 s)
10:41:35.879 Used memory: 1766054 KB
10:41:35.879 Players: 0 in total
10:42:05.881 Average server FPS: 6490.63 (measured interval: 30 s)
10:42:05.881 Used memory: 1766251 KB
10:42:05.881 Players: 0 in total
10:42:35.882 Average server FPS: 6498.23 (measured interval: 30 s)
10:42:35.882 Used memory: 1766173 KB
10:42:35.882 Players: 0 in total
10:43:05.884 Average server FPS: 6509.13 (measured interval: 30 s)
10:43:05.884 Used memory: 1765823 KB
10:43:05.884 Players: 0 in total
10:43:35.885 Average server FPS: 6508.50 (measured interval: 30 s)
10:43:35.885 Used memory: 1765609 KB
10:43:35.885 Players: 0 in total
10:44:05.887 Average server FPS: 6498.80 (measured interval: 30 s)
10:44:05.887 Used memory: 1765428 KB
10:44:05.887 Players: 0 in total
10:44:35.888 Average server FPS: 6494.43 (measured interval: 30 s)
10:44:35.888 Used memory: 1765474 KB
10:44:35.888 Players: 0 in total
10:45:05.890 Average server FPS: 6489.17 (measured interval: 30 s)
10:45:05.890 Used memory: 1766126 KB
10:45:05.890 Players: 0 in total
10:45:35.891 Average server FPS: 6491.77 (measured interval: 30 s)
10:45:35.891 Used memory: 1766080 KB
10:45:35.891 Players: 0 in total
10:46:05.877 Average server FPS: 6502.63 (measured interval: 30 s)
10:46:05.877 Used memory: 1766013 KB
10:46:05.877 Players: 0 in total
10:46:35.879 Average server FPS: 6479.40 (measured interval: 30 s)
10:46:35.879 Used memory: 1766353 KB
10:46:35.879 Players: 0 in total
10:47:05.880 Average server FPS: 6491.10 (measured interval: 30 s)
10:47:05.880 Used memory: 1766564 KB
10:47:05.880 Players: 0 in total
10:47:35.882 Average server FPS: 6496.90 (measured interval: 30 s)
10:47:35.882 Used memory: 1766441 KB
10:47:35.882 Players: 0 in total
10:48:05.883 Average server FPS: 6498.97 (measured interval: 30 s)
10:48:05.883 Used memory: 1766009 KB
10:48:05.883 Players: 0 in total
10:48:35.885 Average server FPS: 6489.27 (measured interval: 30 s)
10:48:35.885 Used memory: 1765983 KB
10:48:35.885 Players: 0 in total
10:49:05.886 Average server FPS: 6483.27 (measured interval: 30 s)
10:49:05.886 Used memory: 1766580 KB
10:49:05.886 Players: 0 in total
10:49:35.888 Average server FPS: 6481.60 (measured interval: 30 s)
10:49:35.888 Used memory: 1766515 KB
10:49:35.888 Players: 0 in total
10:50:05.889 Average server FPS: 6435.13 (measured interval: 30 s)
10:50:05.889 Used memory: 1766524 KB
10:50:05.889 Players: 0 in total
10:50:35.891 Average server FPS: 6450.67 (measured interval: 30 s)
10:50:35.891 Used memory: 1767138 KB
10:50:35.891 Players: 0 in total
10:51:05.892 Average server FPS: 6400.93 (measured interval: 30 s)
10:51:05.892 Used memory: 1767618 KB
10:51:05.892 Players: 0 in total
10:51:35.878 Average server FPS: 6475.07 (measured interval: 30 s)
10:51:35.878 Used memory: 1767235 KB
10:51:35.878 Players: 0 in total
10:52:05.880 Average server FPS: 6460.53 (measured interval: 30 s)
10:52:05.880 Used memory: 1766845 KB
10:52:05.880 Players: 0 in total
10:52:35.881 Average server FPS: 6412.53 (measured interval: 30 s)
10:52:35.881 Used memory: 1767063 KB
10:52:35.881 Players: 0 in total
10:53:05.883 Average server FPS: 6469.33 (measured interval: 30 s)
10:53:05.883 Used memory: 1767213 KB
10:53:05.883 Players: 0 in total
10:53:35.884 Average server FPS: 6476.07 (measured interval: 30 s)
10:53:35.884 Used memory: 1767510 KB
10:53:35.884 Players: 0 in total
10:54:05.886 Average server FPS: 6458.40 (measured interval: 30 s)
10:54:05.886 Used memory: 1768434 KB
10:54:05.886 Players: 0 in total
10:54:35.887 Average server FPS: 6480.73 (measured interval: 30 s)
10:54:35.887 Used memory: 1768703 KB
10:54:35.887 Players: 0 in total
10:55:05.889 Average server FPS: 6385.30 (measured interval: 30 s)
10:55:05.889 Used memory: 1768013 KB
10:55:05.889 Players: 0 in total
10:55:35.890 Average server FPS: 6018.83 (measured interval: 30 s)
10:55:35.890 Used memory: 1767811 KB
10:55:35.890 Players: 0 in total
10:55:59.407 [CE][Links] found 0 total links between groups, of 27
10:55:59.407 [CE][SpawnRandomLoot] (StaticHeliCrash) :: ChildType: Wreck_Mi8, lootmin: 10, lootmax: 20, wanted: 15
10:56:05.892 Average server FPS: 4409.90 (measured interval: 30 s)
10:56:05.892 Used memory: 1767562 KB
10:56:05.892 Players: 0 in total
10:56:35.877 Average server FPS: 6461.47 (measured interval: 30 s)
10:56:35.877 Used memory: 1768041 KB
10:56:35.877 Players: 0 in total
10:57:05.879 Average server FPS: 6472.10 (measured interval: 30 s)
10:57:05.879 Used memory: 1768017 KB
10:57:05.879 Players: 0 in total
10:57:35.880 Average server FPS: 6377.07 (measured interval: 30 s)
10:57:35.880 Used memory: 1768244 KB
10:57:35.880 Players: 0 in total
10:58:05.882 Average server FPS: 6339.27 (measured interval: 30 s)
10:58:05.882 Used memory: 1769299 KB
10:58:05.882 Players: 0 in total
10:58:35.883 Average server FPS: 6317.53 (measured interval: 30 s)
10:58:35.883 Used memory: 1769634 KB
10:58:35.883 Players: 0 in total
10:59:05.885 Average server FPS: 6253.73 (measured interval: 30 s)
10:59:05.885 Used memory: 1771278 KB
10:59:05.885 Players: 0 in total
10:59:35.886 Average server FPS: 6327.70 (measured interval: 30 s)
10:59:35.886 Used memory: 1771800 KB
10:59:35.886 Players: 0 in total
11:00:05.888 Average server FPS: 6328.90 (measured interval: 30 s)
11:00:05.888 Used memory: 1771515 KB
11:00:05.888 Players: 0 in total
11:00:35.889 Average server FPS: 6190.47 (measured interval: 30 s)
11:00:35.889 Used memory: 1771940 KB
11:00:35.889 Players: 0 in total
11:01:05.891 Average server FPS: 6455.30 (measured interval: 30 s)
11:01:05.891 Used memory: 1772044 KB
11:01:05.891 Players: 0 in total
11:01:35.877 Average server FPS: 6471.47 (measured interval: 30 s)
11:01:35.877 Used memory: 1771735 KB
11:01:35.877 Players: 0 in total
11:02:05.878 Average server FPS: 6471.23 (measured interval: 30 s)
11:02:05.878 Used memory: 1771668 KB
11:02:05.878 Players: 0 in total
11:02:35.880 Average server FPS: 6470.73 (measured interval: 30 s)
11:02:35.880 Used memory: 1771586 KB
11:02:35.880 Players: 0 in total
11:03:05.881 Average server FPS: 6463.07 (measured interval: 30 s)
11:03:05.881 Used memory: 1771632 KB
11:03:05.881 Players: 0 in total
11:03:35.883 Average server FPS: 6442.90 (measured interval: 30 s)
11:03:35.883 Used memory: 1772832 KB
11:03:35.883 Players: 0 in total
11:04:05.884 Average server FPS: 6457.30 (measured interval: 30 s)
11:04:05.884 Used memory: 1774670 KB
11:04:05.884 Players: 0 in total
11:04:35.886 Average server FPS: 6439.93 (measured interval: 30 s)
11:04:35.886 Used memory: 1774843 KB
11:04:35.886 Players: 0 in total
11:05:05.887 Average server FPS: 6394.03 (measured interval: 30 s)
11:05:05.887 Used memory: 1774232 KB
11:05:05.887 Players: 0 in total
11:05:35.889 Average server FPS: 6468.83 (measured interval: 30 s)
11:05:35.889 Used memory: 1774516 KB
11:05:35.889 Players: 0 in total
11:06:05.890 Average server FPS: 6463.77 (measured interval: 30 s)
11:06:05.890 Used memory: 1774792 KB
11:06:05.890 Players: 0 in total
11:06:35.892 Average server FPS: 6420.83 (measured interval: 30 s)
11:06:35.892 Used memory: 1776147 KB
11:06:35.892 Players: 0 in total
11:07:05.878 Average server FPS: 6404.57 (measured interval: 30 s)
11:07:05.878 Used memory: 1776244 KB
11:07:05.878 Players: 0 in total
11:07:35.879 Average server FPS: 6370.90 (measured interval: 30 s)
11:07:35.879 Used memory: 1776380 KB
11:07:35.879 Players: 0 in total
11:08:05.881 Average server FPS: 6466.13 (measured interval: 30 s)
11:08:05.881 Used memory: 1776043 KB
11:08:05.881 Players: 0 in total
11:08:35.882 Average server FPS: 6555.70 (measured interval: 30 s)
11:08:35.882 Used memory: 1775857 KB
11:08:35.882 Players: 0 in total
11:09:05.884 Average server FPS: 6554.10 (measured interval: 30 s)
11:09:05.884 Used memory: 1776072 KB
11:09:05.884 Players: 0 in total
11:09:35.885 Average server FPS: 6535.47 (measured interval: 30 s)
11:09:35.885 Used memory: 1775306 KB
11:09:35.885 Players: 0 in total
11:10:05.887 Average server FPS: 6536.43 (measured interval: 30 s)
11:10:05.887 Used memory: 1775029 KB
11:10:05.887 Players: 0 in total
11:10:35.888 Average server FPS: 6539.57 (measured interval: 30 s)
11:10:35.888 Used memory: 1775162 KB
11:10:35.888 Players: 0 in total
11:10:47.108 [CE][Links] found 0 total links between groups, of 28
11:10:47.108 [CE][SpawnRandomLoot] (StaticHeliCrash) :: ChildType: Wreck_UH1Y, lootmin: 10, lootmax: 20, wanted: 13
11:10:47.123 [CE][Links] found 0 total links between groups, of 29
11:10:47.123 [CE][SpawnRandomLoot] (StaticHeliCrash) :: ChildType: Wreck_Mi8, lootmin: 10, lootmax: 20, wanted: 10
11:11:05.890 Average server FPS: 6520.80 (measured interval: 30 s)
11:11:05.890 Used memory: 1775586 KB
11:11:05.890 Players: 0 in total
11:11:35.891 Average server FPS: 6546.17 (measured interval: 30 s)
11:11:35.891 Used memory: 1775631 KB
11:11:35.891 Players: 0 in total
11:12:05.877 Average server FPS: 6412.53 (measured interval: 30 s)
11:12:05.877 Used memory: 1776303 KB
11:12:05.877 Players: 0 in total
11:12:35.879 Average server FPS: 6549.73 (measured interval: 30 s)
11:12:35.879 Used memory: 1775681 KB
11:12:35.879 Players: 0 in total
11:12:36.207 [CE][Links] found 0 total links between groups, of 30
11:12:36.207 [CE][SpawnRandomLoot] (StaticPoliceCar) :: ChildType: Land_Wreck_Volha_Police, lootmin: 3, lootmax: 5, wanted: 4
11:12:36.222 [CE][Links] found 0 total links between groups, of 31
11:12:36.222 [CE][SpawnRandomLoot] (StaticPoliceCar) :: ChildType: Land_Wreck_Volha_Police, lootmin: 3, lootmax: 5, wanted: 3
11:12:36.222 [CE][Links] found 0 total links between groups, of 32
11:12:36.222 [CE][SpawnRandomLoot] (StaticPoliceCar) :: ChildType: Land_Wreck_Volha_Police, lootmin: 3, lootmax: 5, wanted: 4
11:12:36.222 [CE][Links] found 0 total links between groups, of 33
11:12:36.222 [CE][SpawnRandomLoot] (StaticPoliceCar) :: ChildType: Land_Wreck_Volha_Police, lootmin: 3, lootmax: 5, wanted: 3
11:12:36.222 [CE][Links] found 0 total links between groups, of 34
11:12:36.222 [CE][SpawnRandomLoot] (StaticPoliceCar) :: ChildType: Land_Wreck_Volha_Police, lootmin: 3, lootmax: 5, wanted: 4
11:12:36.238 [CE][Links] found 0 total links between groups, of 35
11:12:36.238 [CE][SpawnRandomLoot] (StaticPoliceCar) :: ChildType: Land_Wreck_Volha_Police, lootmin: 3, lootmax: 5, wanted: 3
11:12:36.238 [CE][Links] found 2 total links between groups, of 36
11:12:36.238 [CE][SpawnRandomLoot] (StaticPoliceCar) :: ChildType: Land_Wreck_Volha_Police, lootmin: 3, lootmax: 5, wanted: 3
11:12:36.238 [CE][Links] found 4 total links between groups, of 37
11:12:36.238 [CE][SpawnRandomLoot] (StaticPoliceCar) :: ChildType: Land_Wreck_Volha_Police, lootmin: 3, lootmax: 5, wanted: 4
11:12:36.238 [CE][Links] found 4 total links between groups, of 38
11:12:36.238 [CE][SpawnRandomLoot] (StaticPoliceCar) :: ChildType: Land_Wreck_Volha_Police, lootmin: 3, lootmax: 5, wanted: 4
11:12:36.254 [CE][Links] found 4 total links between groups, of 39
11:12:36.254 [CE][SpawnRandomLoot] (StaticPoliceCar) :: ChildType: Land_Wreck_Volha_Police, lootmin: 3, lootmax: 5, wanted: 4
11:13:05.880 Average server FPS: 6479.53 (measured interval: 30 s)
11:13:05.880 Used memory: 1775617 KB
11:13:05.880 Players: 0 in total
11:13:26.116 !!! [CE][Point] Removing 11277.097656, 11479.068359 from Land_Shed_W3
11:13:35.882 Average server FPS: 6580.63 (measured interval: 30 s)
11:13:35.882 Used memory: 1777152 KB
11:13:35.882 Players: 0 in total
11:14:05.883 Average server FPS: 6579.90 (measured interval: 30 s)
11:14:05.883 Used memory: 1776643 KB
11:14:05.883 Players: 0 in total
11:14:35.885 Average server FPS: 6592.13 (measured interval: 30 s)
11:14:35.885 Used memory: 1776497 KB
11:14:35.885 Players: 0 in total
11:15:05.886 Average server FPS: 6599.50 (measured interval: 30 s)
11:15:05.886 Used memory: 1776429 KB
11:15:05.886 Players: 0 in total
11:15:35.888 Average server FPS: 6596.07 (measured interval: 30 s)
11:15:35.888 Used memory: 1776259 KB
11:15:35.888 Players: 0 in total
11:16:05.889 Average server FPS: 6590.57 (measured interval: 30 s)
11:16:05.889 Used memory: 1776351 KB
11:16:05.889 Players: 0 in total
11:16:35.891 Average server FPS: 6508.80 (measured interval: 30 s)
11:16:35.891 Used memory: 1776224 KB
11:16:35.891 Players: 0 in total
11:17:05.892 Average server FPS: 6254.80 (measured interval: 30 s)
11:17:05.892 Used memory: 1775899 KB
11:17:05.892 Players: 0 in total
11:17:35.878 Average server FPS: 6247.30 (measured interval: 30 s)
11:17:35.878 Used memory: 1775954 KB
11:17:35.878 Players: 0 in total
11:18:05.880 Average server FPS: 6239.37 (measured interval: 30 s)
11:18:05.880 Used memory: 1775645 KB
11:18:05.880 Players: 0 in total
11:18:35.881 Average server FPS: 6251.60 (measured interval: 30 s)
11:18:35.881 Used memory: 1775362 KB
11:18:35.881 Players: 0 in total
11:19:05.883 Average server FPS: 6234.97 (measured interval: 30 s)
11:19:05.883 Used memory: 1775335 KB
11:19:05.883 Players: 0 in total
11:19:35.884 Average server FPS: 6242.43 (measured interval: 30 s)
11:19:35.884 Used memory: 1775177 KB
11:19:35.884 Players: 0 in total
11:20:05.886 Average server FPS: 5506.27 (measured interval: 30 s)
11:20:05.886 Used memory: 1775114 KB
11:20:05.886 Players: 0 in total
11:20:35.887 Average server FPS: 6404.73 (measured interval: 30 s)
11:20:35.887 Used memory: 1775090 KB
11:20:35.887 Players: 0 in total
11:21:05.889 Average server FPS: 6596.43 (measured interval: 30 s)
11:21:05.889 Used memory: 1775237 KB
11:21:05.889 Players: 0 in total
11:21:35.890 Average server FPS: 6730.23 (measured interval: 30 s)
11:21:35.890 Used memory: 1775313 KB
11:21:35.890 Players: 0 in total
11:22:05.892 Average server FPS: 6595.77 (measured interval: 30 s)
11:22:05.892 Used memory: 1775124 KB
11:22:05.892 Players: 0 in total
11:22:35.877 Average server FPS: 5361.23 (measured interval: 30 s)
11:22:35.877 Used memory: 1774649 KB
11:22:35.877 Players: 0 in total
11:23:05.879 Average server FPS: 6073.43 (measured interval: 30 s)
11:23:05.879 Used memory: 1774404 KB
11:23:05.879 Players: 0 in total
11:23:35.880 Average server FPS: 6392.43 (measured interval: 30 s)
11:23:35.880 Used memory: 1774586 KB
11:23:35.880 Players: 0 in total
11:24:05.882 Average server FPS: 6515.17 (measured interval: 30 s)
11:24:05.882 Used memory: 1774252 KB
11:24:05.882 Players: 0 in total
11:24:35.883 Average server FPS: 6345.13 (measured interval: 30 s)
11:24:35.883 Used memory: 1773931 KB
11:24:35.883 Players: 0 in total
11:25:05.885 Average server FPS: 6465.03 (measured interval: 30 s)
11:25:05.885 Used memory: 1774091 KB
11:25:05.885 Players: 0 in total
11:25:35.886 Average server FPS: 6552.57 (measured interval: 30 s)
11:25:35.886 Used memory: 1774012 KB
11:25:35.886 Players: 0 in total
11:26:05.888 Average server FPS: 6575.40 (measured interval: 30 s)
11:26:05.888 Used memory: 1774016 KB
11:26:05.888 Players: 0 in total
11:26:35.889 Average server FPS: 6570.97 (measured interval: 30 s)
11:26:35.889 Used memory: 1773186 KB
11:26:35.889 Players: 0 in total
11:27:05.891 Average server FPS: 6545.53 (measured interval: 30 s)
11:27:05.891 Used memory: 1773018 KB
11:27:05.891 Players: 0 in total
11:27:35.892 Average server FPS: 6513.30 (measured interval: 30 s)
11:27:35.892 Used memory: 1772563 KB
11:27:35.892 Players: 0 in total
11:28:05.878 Average server FPS: 6484.67 (measured interval: 30 s)
11:28:05.878 Used memory: 1773123 KB
11:28:05.878 Players: 0 in total
