

=====================================================================
== D:\DayZServers\TheCommunity_enoch\DayZServer_x64.exe
== "D:\DayZServers\TheCommunity_enoch\DayZServer_x64.exe"  -port=2402 "-mod=@CF;@Community-Online-Tools;@BuildAnywhere;@BaseBuildingLogs;@Trader;@BaseBuildingPlus;@Durable_Suppressors;@VPPMap;@Ear-Plugs;@Catch_Rain;@DayZ-Expansion-Notifications;@DayZ-Expansion-Chat;@No_Shoe_Damage;@Airdrop-Upgraded;@Ammo_Making;@Banking;@BuilderItems;@Camosplus;@CannabisPlus;@CheckIdentity;@Code_Lock;@Dayz_Navigation;@FIDOv4;@FlipTransport;@GoreZ;@IRP;@KillFeed;@NoVehicleDamage;@PartyMe;@Modular_Vest_System;@MuchStuffPack;@SWP;@BreachingCharge;@BBPBreachCharge;@MunghardsItempack;@NDVPPM;@Next_Days;@Notes;@SQUAD_MSF-C;@Zeroy-FishingZ;@OP_BaseItems;@Base_Storage;@SIX-DayZ-Auto-Run;" -config=D:\DayZServers\TheCommunity_enoch\TheCommunityDZ.cfg -profiles=TheCommunityServer -BEPath=D:\DayZServers\TheCommunity_enoch\battleye -filePatching -adminlog -netlog -freezecheck -scrAllowFileWrite
=====================================================================
Exe timestamp: 2020/04/26 15:56:05
Current time:  2020/04/30 08:02:22

Version 1.07.153006
 8:02:22.430 [Inputs] Loading inputs default "bin/constants.xml"
 8:02:22.446 [Inputs] Loading inputs default "bin/specific.xml"
 8:02:22.446 !!! [Inputs] Invalid input name used "UAUIInspectItem" for context "ui" in "bin/specific.xml"
 8:02:22.446 !!! [Inputs] Attempt to register duplicate Modded-Inputs file "VanillaPPMap/data/modded_Inputs.xml"
 8:02:22.446 [Inputs] Loading inputs default "EarPlugs\data\inputs.xml"
 8:02:22.446 [Inputs] Loading inputs default "JM/COT/scripts/Data/Inputs.xml"
 8:02:22.446 [Inputs] Loading inputs default "KillFeed/inputs/Inputs.xml"
 8:02:22.446 [Inputs] Loading inputs default "partyme/scripts/partyme_inputs.xml"
 8:02:22.446 [Inputs] Loading inputs default "VanillaPPMap/data/modded_Inputs.xml"
 8:02:22.446 [Inputs] Loading inputs default "NextDays/data/NextDays_Inputs.xml"
 8:02:22.446 [Inputs] Loading inputs default "A3_UI_F/Scripts/Inputs.xml"
 8:02:22.446 [Inputs] Loading inputs default "BaseBuildingPlus/Scripts/Data/Inputs.xml"
 8:02:22.446 [Inputs] Loading inputs default "VanillaPPMap/data/modded_Inputs.xml"
 8:02:22.446 !!! [Inputs] Attempt to register duplicate input "UAOpenVPPMap"
 8:02:22.446 !!! [Inputs] Attempt to register duplicate input "UAToggleVPPMap3DMarkers"
 8:02:22.446 [Inputs] Loading inputs cfg "TheCommunityServer\Users\Survivor\Server.core.xml"
 8:02:22.446 [Inputs] Exporting inputs cfg "TheCommunityServer\Users\Survivor\Server.core.xml"
 8:02:22.759 !!! [Inputs] Attempt to register "PMHideShowTrackers" input twice
 8:02:35.744 [CE][Hive] :: Initializing OFFLINE
 8:02:35.759 [CE][Hive] :: Loading core data ... 
 8:02:35.759 [CE][CoreData] :: 7 root classes, 19 defaults, 0 updaters...
 8:02:41.556 [CE][RegisterBind] :: 0 classes binded...
 8:02:41.556 [CE][RegisterConfig] :: 10055 config classes registered, 0 sub-counters...
 8:02:41.556 [CE][Hive] :: Loading map data ... 
 8:02:41.603 !!! [CE] :: Unknown category: 'vehicleparts'.
 8:02:41.603 [CE][LoadPrototype] :: loaded 330 prototypes
 8:02:41.603   702 containers, 9116 points
 8:02:41.603   24 dispatches, 90 proxies
 8:02:41.603 !!! [CE][LoadPrototype] 12 groups have no points...
 8:02:41.603 !!![CE][LoadPrototype]  3 groups have wrong points...
 8:02:41.603 [CE][LoadPrototype] :: last group name: Land_Lunapark_Autodrome...
 8:02:41.603 [CE][LoadPrototype] :: loaded 0 prototypes
 8:02:41.603   0 containers, 0 points
 8:02:41.603   0 dispatches, 0 proxies
 8:02:41.603 [CE][LoadPrototype] :: last group name: PathD_7100...
 8:02:41.916 [CE][LoadMap] "Group" :: loaded 5086 groups, largest group range: 26.9
 8:02:41.916 [CE][LoadMap] "Dirt" :: loaded 0 groups, largest group range: 26.9
 8:02:42.10 [CE][Links] found 354 total links between groups, of 5086
 8:02:42.10 [CE][LoadClusters] "Cluster" :: Loading files...
 8:02:42.213 [CE][LoadClusters] :: file: "mapgroupcluster.xml", 4 types, 50000 instances
 8:02:42.431 [CE][LoadClusters] :: file: "mapgroupcluster01", 4 types, 50000 instances
 8:02:42.635 [CE][LoadClusters] :: file: "mapgroupcluster02", 4 types, 50000 instances
 8:02:42.838 [CE][LoadClusters] :: file: "mapgroupcluster03", 4 types, 50000 instances
 8:02:42.947 [CE][LoadClusters] :: file: "mapgroupcluster04", 4 types, 21297 instances
 8:02:42.947 [CE][Storage] ver:21 stamp:64602, valid:yes, name:"mpmissions\TheCommunity.enoch\storage_420\data\types.bin"
 8:02:42.947 [CE][Storage] ver:21 stamp:64601, valid:yes, name:"mpmissions\TheCommunity.enoch\storage_420\data\types.001"
 8:02:42.947 [CE][Storage] ver:21 stamp:64599, valid:yes, name:"mpmissions\TheCommunity.enoch\storage_420\data\types.002"
 8:02:42.947 [CE][Storage] Restoring file "mpmissions\TheCommunity.enoch\storage_420\data\types.bin".
 8:02:43.150 [CE][offlineDB] :: Loaded 33 dynamic events 215 total types 0 total positions.
 8:02:43.197 [CE][Storage] ver:21 stamp:64602, valid:yes, name:"mpmissions\TheCommunity.enoch\storage_420\data\events.bin"
 8:02:43.213 [CE][Storage] ver:21 stamp:64601, valid:yes, name:"mpmissions\TheCommunity.enoch\storage_420\data\events.001"
 8:02:43.213 [CE][Storage] ver:21 stamp:64599, valid:yes, name:"mpmissions\TheCommunity.enoch\storage_420\data\events.002"
 8:02:43.213 [CE][Storage] Restoring file "mpmissions\TheCommunity.enoch\storage_420\data\events.bin".
 8:02:43.213 [CE][DynamicEvent] Load  Events:[33] Primary spawners: 33 Secondary spawners: 1
 8:02:43.213 [CE][Storage] ver:24 stamp:64602, valid:yes, name:"mpmissions\TheCommunity.enoch\storage_420\data\vehicles.bin"
 8:02:43.213 [CE][Storage] ver:24 stamp:64601, valid:yes, name:"mpmissions\TheCommunity.enoch\storage_420\data\vehicles.001"
 8:02:43.213 [CE][Storage] ver:24 stamp:64599, valid:yes, name:"mpmissions\TheCommunity.enoch\storage_420\data\vehicles.002"
 8:02:43.213 [CE][Storage] Restoring file "mpmissions\TheCommunity.enoch\storage_420\data\vehicles.bin" 125 items.
 8:02:43.447   125 items loaded.
 8:02:43.447 [CE][Storage] ver:24 stamp:64602, valid:yes, name:"mpmissions\TheCommunity.enoch\storage_420\data\dynamic_000.bin"
 8:02:43.447 [CE][Storage] ver:24 stamp:64601, valid:yes, name:"mpmissions\TheCommunity.enoch\storage_420\data\dynamic_000.001"
 8:02:43.447 [CE][Storage] ver:24 stamp:64599, valid:yes, name:"mpmissions\TheCommunity.enoch\storage_420\data\dynamic_000.002"
 8:02:43.447 [CE][Storage] Restoring file "mpmissions\TheCommunity.enoch\storage_420\data\dynamic_000.bin" 419 items.
 8:02:44.72   419 items loaded.
 8:02:44.72 [CE][Storage] ver:24 stamp:64602, valid:yes, name:"mpmissions\TheCommunity.enoch\storage_420\data\dynamic_001.bin"
 8:02:44.72 [CE][Storage] ver:24 stamp:64601, valid:yes, name:"mpmissions\TheCommunity.enoch\storage_420\data\dynamic_001.001"
 8:02:44.72 [CE][Storage] ver:24 stamp:64599, valid:yes, name:"mpmissions\TheCommunity.enoch\storage_420\data\dynamic_001.002"
 8:02:44.72 [CE][Storage] Restoring file "mpmissions\TheCommunity.enoch\storage_420\data\dynamic_001.bin" 2180 items.
 8:02:44.760   2180 items loaded.
 8:02:44.760 [CE][Storage] ver:24 stamp:64602, valid:yes, name:"mpmissions\TheCommunity.enoch\storage_420\data\dynamic_002.bin"
 8:02:44.760 [CE][Storage] ver:24 stamp:64601, valid:yes, name:"mpmissions\TheCommunity.enoch\storage_420\data\dynamic_002.001"
 8:02:44.760 [CE][Storage] ver:24 stamp:64599, valid:yes, name:"mpmissions\TheCommunity.enoch\storage_420\data\dynamic_002.002"
 8:02:44.760 [CE][Storage] Restoring file "mpmissions\TheCommunity.enoch\storage_420\data\dynamic_002.bin" 833 items.
 8:02:45.338   833 items loaded.
 8:02:45.338 [CE][Storage] ver:24 stamp:64602, valid:yes, name:"mpmissions\TheCommunity.enoch\storage_420\data\dynamic_003.bin"
 8:02:45.338 [CE][Storage] ver:24 stamp:64601, valid:yes, name:"mpmissions\TheCommunity.enoch\storage_420\data\dynamic_003.001"
 8:02:45.338 [CE][Storage] ver:24 stamp:64599, valid:yes, name:"mpmissions\TheCommunity.enoch\storage_420\data\dynamic_003.002"
 8:02:45.338 [CE][Storage] Restoring file "mpmissions\TheCommunity.enoch\storage_420\data\dynamic_003.bin" 1187 items.
 8:02:45.697   1187 items loaded.
 8:02:45.697 [CE][Storage] ver:24 stamp:64602, valid:yes, name:"mpmissions\TheCommunity.enoch\storage_420\data\dynamic_004.bin"
 8:02:45.697 [CE][Storage] ver:24 stamp:64601, valid:yes, name:"mpmissions\TheCommunity.enoch\storage_420\data\dynamic_004.001"
 8:02:45.697 [CE][Storage] ver:24 stamp:64599, valid:yes, name:"mpmissions\TheCommunity.enoch\storage_420\data\dynamic_004.002"
 8:02:45.697 [CE][Storage] Restoring file "mpmissions\TheCommunity.enoch\storage_420\data\dynamic_004.bin" 1553 items.
 8:02:46.244   1553 items loaded.
 8:02:46.244 [CE][Storage] ver:24 stamp:64602, valid:yes, name:"mpmissions\TheCommunity.enoch\storage_420\data\dynamic_005.bin"
 8:02:46.244 [CE][Storage] ver:24 stamp:64601, valid:yes, name:"mpmissions\TheCommunity.enoch\storage_420\data\dynamic_005.001"
 8:02:46.244 [CE][Storage] ver:24 stamp:64599, valid:yes, name:"mpmissions\TheCommunity.enoch\storage_420\data\dynamic_005.002"
 8:02:46.244 [CE][Storage] Restoring file "mpmissions\TheCommunity.enoch\storage_420\data\dynamic_005.bin" 1941 items.
 8:02:46.822   1941 items loaded.
 8:02:46.822 [CE][Storage] ver:24 stamp:64602, valid:yes, name:"mpmissions\TheCommunity.enoch\storage_420\data\dynamic_006.bin"
 8:02:46.822 [CE][Storage] ver:24 stamp:64601, valid:yes, name:"mpmissions\TheCommunity.enoch\storage_420\data\dynamic_006.001"
 8:02:46.822 [CE][Storage] ver:24 stamp:64599, valid:yes, name:"mpmissions\TheCommunity.enoch\storage_420\data\dynamic_006.002"
 8:02:46.822 [CE][Storage] Restoring file "mpmissions\TheCommunity.enoch\storage_420\data\dynamic_006.bin" 1022 items.
 8:02:47.166   1022 items loaded.
 8:02:47.166 [CE][Storage] ver:24 stamp:64602, valid:yes, name:"mpmissions\TheCommunity.enoch\storage_420\data\dynamic_007.bin"
 8:02:47.166 [CE][Storage] ver:24 stamp:64601, valid:yes, name:"mpmissions\TheCommunity.enoch\storage_420\data\dynamic_007.001"
 8:02:47.166 [CE][Storage] ver:24 stamp:64599, valid:yes, name:"mpmissions\TheCommunity.enoch\storage_420\data\dynamic_007.002"
 8:02:47.166 [CE][Storage] Restoring file "mpmissions\TheCommunity.enoch\storage_420\data\dynamic_007.bin" 1333 items.
 8:02:47.619   1333 items loaded.
 8:02:47.619 [CE][Storage] ver:24 stamp:64602, valid:yes, name:"mpmissions\TheCommunity.enoch\storage_420\data\dynamic_008.bin"
 8:02:47.619 [CE][Storage] ver:24 stamp:64601, valid:yes, name:"mpmissions\TheCommunity.enoch\storage_420\data\dynamic_008.001"
 8:02:47.619 [CE][Storage] ver:24 stamp:64599, valid:yes, name:"mpmissions\TheCommunity.enoch\storage_420\data\dynamic_008.002"
 8:02:47.619 [CE][Storage] Restoring file "mpmissions\TheCommunity.enoch\storage_420\data\dynamic_008.bin" 1109 items.
 8:02:47.916   1109 items loaded.
 8:02:47.916 [CE][Storage] ver:24 stamp:64602, valid:yes, name:"mpmissions\TheCommunity.enoch\storage_420\data\dynamic_009.bin"
 8:02:47.916 [CE][Storage] ver:24 stamp:64601, valid:yes, name:"mpmissions\TheCommunity.enoch\storage_420\data\dynamic_009.001"
 8:02:47.916 [CE][Storage] ver:24 stamp:64599, valid:yes, name:"mpmissions\TheCommunity.enoch\storage_420\data\dynamic_009.002"
 8:02:47.916 [CE][Storage] Restoring file "mpmissions\TheCommunity.enoch\storage_420\data\dynamic_009.bin" 1038 items.
 8:02:48.260   1038 items loaded.
 8:02:48.260 [CE][Storage] ver:24 stamp:64602, valid:yes, name:"mpmissions\TheCommunity.enoch\storage_420\data\dynamic_010.bin"
 8:02:48.260 [CE][Storage] ver:24 stamp:64601, valid:yes, name:"mpmissions\TheCommunity.enoch\storage_420\data\dynamic_010.001"
 8:02:48.260 [CE][Storage] ver:24 stamp:64599, valid:yes, name:"mpmissions\TheCommunity.enoch\storage_420\data\dynamic_010.002"
 8:02:48.260 [CE][Storage] Restoring file "mpmissions\TheCommunity.enoch\storage_420\data\dynamic_010.bin" 2610 items.
 8:02:48.932   2610 items loaded.
 8:02:48.932 [CE][Storage] ver:24 stamp:64602, valid:yes, name:"mpmissions\TheCommunity.enoch\storage_420\data\dynamic_011.bin"
 8:02:48.932 [CE][Storage] ver:24 stamp:64601, valid:yes, name:"mpmissions\TheCommunity.enoch\storage_420\data\dynamic_011.001"
 8:02:48.932 [CE][Storage] ver:24 stamp:64599, valid:yes, name:"mpmissions\TheCommunity.enoch\storage_420\data\dynamic_011.002"
 8:02:48.932 [CE][Storage] Restoring file "mpmissions\TheCommunity.enoch\storage_420\data\dynamic_011.bin" 451 items.
 8:02:49.322   451 items loaded.
 8:02:49.322 [CE][Hive] :: Storage load took:6.11 seconds, recovery stamp:64602
 8:02:49.322   entity: 18640, building: 0
 8:02:49.322   no lifetime: 46
 8:02:49.322 [CE][Hive] :: Initializing ... 
 8:02:49.338 [CE][InitializeMap] :: initialized: 0
 8:02:49.338 [CE][Hive] :: Initializing spawners ... 
 8:02:50.213 [CE][LootRespawner] (PRIDummy) :: Item [0] causing search overtime: "MSFCGorkaPATACSFG"
 8:02:50.213 [CE][LootRespawner] (PRIDummy) :: Item [1] causing search overtime: "MSFCGorkaPATACSFG"
 8:02:50.213 [CE][LootRespawner] (PRIDummy) :: Item [2] causing search overtime: "MSFCGorkaPATACSFG"
 8:02:50.213 [CE][LootRespawner] (PRIDummy) :: Item [3] causing search overtime: "MSFCKryptekRaidPlatePouches"
 8:02:50.213 [CE][LootRespawner] (PRIDummy) :: Item [4] causing search overtime: "MSFCKryptekRaidPlatePouches"
 8:02:50.213 [CE][LootRespawner] (PRIDummy) :: Item [5] causing search overtime: "MSFCKryptekRaidPlatePouches"
 8:02:50.213 [CE][LootRespawner] (PRIDummy) :: Item [6] causing search overtime: "MSFCKryptekRaidPlatePouches"
 8:02:50.213 [CE][LootRespawner] (PRIDummy) :: Item [7] causing search overtime: "PlateCarrierVest"
 8:02:50.213 [CE][LootRespawner] (PRIDummy) :: Item [8] causing search overtime: "PlateCarrierVest"
 8:02:50.213 [CE][LootRespawner] (PRIDummy) :: Item [9] causing search overtime: "PlateCarrierVest"
 8:02:50.213 [CE][LootRespawner] (PRIDummy) :: Item [10] causing search overtime: "PlateCarrierVest"
 8:02:50.213 [CE][LootRespawner] (PRIDummy) :: Item [11] causing search overtime: "PlateCarrierVest"
 8:02:50.213 [CE][LootRespawner] (PRIDummy) :: Item [12] causing search overtime: "PlateCarrierVest"
 8:02:50.213 [CE][LootRespawner] (PRIDummy) :: Item [13] causing search overtime: "PlateCarrierVest"
 8:02:50.213 [CE][LootRespawner] (PRIDummy) :: Item [14] causing search overtime: "PlateCarrierVest"
 8:02:50.213 [CE][LootRespawner] (PRIDummy) :: Item [15] causing search overtime: "PlateCarrierVest"
 8:02:50.213 [CE][LootRespawner] (PRIDummy) :: Item [16] causing search overtime: "PlateCarrierVest"
 8:02:50.213 [CE][LootRespawner] (PRIDummy) :: Item [17] causing search overtime: "PlateCarrierVest"
 8:02:50.213 [CE][LootRespawner] (PRIDummy) :: Item [18] causing search overtime: "PlateCarrierVest"
 8:02:50.213 [CE][LootRespawner] (PRIDummy) :: Item [19] causing search overtime: "PlateCarrierVest"
 8:02:50.244 [CE][LootRespawner] (PRIDummy) :: Item [0] is hard to place, performance drops: "Shovel"
 8:02:50.244 [CE][LootRespawner] (PRIDummy) :: Item [1] is hard to place, performance drops: "Shovel"
 8:02:50.307 [CE][LootRespawner] (PRIDummy) :: Item [2] is hard to place, performance drops: "Defender110_dver_2_1_Green"
 8:02:50.494 [CE][LootRespawner] (PRIDummy) :: Item [3] is hard to place, performance drops: "PressVest_Blue"
 8:02:50.494 [CE][LootRespawner] (PRIDummy) :: Item [4] is hard to place, performance drops: "PressVest_Blue"
 8:02:50.573 [CE][LootRespawner] (PRIDummy) :: Item [5] is hard to place, performance drops: "baseballbatsaw_mung"
 8:02:50.588 [CE][LootRespawner] (PRIDummy) :: Item [6] is hard to place, performance drops: "NailBox"
 8:02:50.588 [CE][LootRespawner] (PRIDummy) :: Item [7] is hard to place, performance drops: "Defender110_kapot"
 8:02:50.604 [CE][LootRespawner] (PRIDummy) :: Item [8] is hard to place, performance drops: "Msp_GoodNightBat"
 8:02:50.604 [CE][LootRespawner] (PRIDummy) :: Item [9] is hard to place, performance drops: "Msp_GoodNightBat"
 8:02:50.682 [CE][LootRespawner] (PRIDummy) :: Item [10] is hard to place, performance drops: "Breeches_Blue"
 8:02:50.682 [CE][LootRespawner] (PRIDummy) :: Item [11] is hard to place, performance drops: "Balaclava3Holes_Green"
 8:02:50.698 [CE][LootRespawner] (PRIDummy) :: Item [12] is hard to place, performance drops: "Defender110_dver_2_2"
 8:02:50.698 [CE][LootRespawner] (PRIDummy) :: Item [13] is hard to place, performance drops: "Defender110_dver_2_2"
 8:02:50.838 [CE][LootRespawner] (PRIDummy) :: Item [14] is hard to place, performance drops: "Sedan_02_Door_2_2_Grey"
 8:02:50.963 [CE][LootRespawner] (PRIDummy) :: Item [15] is hard to place, performance drops: "Sedan_02_Door_2_2"
 8:02:51.57 [CE][LootRespawner] (PRIDummy) :: Item [16] is hard to place, performance drops: "QuiltedJacket_Violet"
 8:02:51.88 [CE][LootRespawner] (PRIDummy) :: Item [17] is hard to place, performance drops: "Flashlight"
 8:02:51.104 [CE][LootRespawner] (PRIDummy) :: Item [18] is hard to place, performance drops: "MSFCBeerBaltika9"
 8:02:51.104 [CE][LootRespawner] (PRIDummy) :: Item [19] is hard to place, performance drops: "MSFCBeerBaltika9"
 8:02:51.494 [CE][LootRespawner] (PRIDummy) :: Initially (re)spawned:1322, Nominal:32677, Total in Map: 17238 at 1 (sec)
 8:02:51.494   tests:1350, repeats:0 fails:28, overtime:12798
 8:02:51.494 [CE][DynEvent] :: 33 types
 8:02:51.494 [00] AmbientHen
 8:02:51.494   Primary Spawner: "Ambient", active: yes, repeat: 1
 8:02:51.494 [01] AnimalBear
 8:02:51.494   Primary Spawner: "Animal", active: yes, repeat: 1
 8:02:51.494 [02] AnimalCow
 8:02:51.494   Primary Spawner: "Animal", active: yes, repeat: 1
 8:02:51.494 [03] AnimalDeer
 8:02:51.494   Primary Spawner: "Animal", active: yes, repeat: 1
 8:02:51.494 [04] AnimalGoat
 8:02:51.494   Primary Spawner: "Animal", active: yes, repeat: 1
 8:02:51.494 [05] AnimalPig
 8:02:51.494   Primary Spawner: "Animal", active: yes, repeat: 1
 8:02:51.494 [06] AnimalRoeDeer
 8:02:51.494   Primary Spawner: "Animal", active: yes, repeat: 1
 8:02:51.494 [07] AnimalSheep
 8:02:51.494   Primary Spawner: "Animal", active: yes, repeat: 1
 8:02:51.494 [08] AnimalWildBoar
 8:02:51.494   Primary Spawner: "Animal", active: yes, repeat: 1
 8:02:51.494 [09] AnimalWolf
 8:02:51.494   Primary Spawner: "Animal", active: yes, repeat: 1
 8:02:51.494 [10] InfectedArmy
 8:02:51.494   Primary Spawner: "Infected", active: yes, repeat: 1
 8:02:51.494 [11] InfectedCity
 8:02:51.494   Primary Spawner: "Infected", active: yes, repeat: 1
 8:02:51.494 [12] InfectedFirefighter
 8:02:51.494   Primary Spawner: "Infected", active: yes, repeat: 1
 8:02:51.494 [13] InfectedIndustrial
 8:02:51.494   Primary Spawner: "Infected", active: yes, repeat: 1
 8:02:51.494 [14] InfectedMedic
 8:02:51.494   Primary Spawner: "Infected", active: yes, repeat: 1
 8:02:51.494 [15] InfectedPolice
 8:02:51.494   Primary Spawner: "Infected", active: yes, repeat: 1
 8:02:51.494 [16] InfectedPrisoner
 8:02:51.494   Primary Spawner: "Infected", active: yes, repeat: 1
 8:02:51.494 [17] InfectedReligious
 8:02:51.494   Primary Spawner: "Infected", active: yes, repeat: 1
 8:02:51.494 [18] InfectedSolitude
 8:02:51.494   Primary Spawner: "Infected", active: yes, repeat: 1
 8:02:51.494 [19] InfectedVillage
 8:02:51.494   Primary Spawner: "Infected", active: yes, repeat: 1
 8:02:51.494 [20] ItemPlanks
 8:02:51.494   Primary Spawner: "Item", active: yes, repeat: 1
 8:02:51.494 [21] Loot
 8:02:51.494   Primary Spawner: "Loot", active: yes, repeat: 2
 8:02:51.494 [22] StaticHeliCrash
 8:02:51.494   Primary Spawner: "Vehicle", active: yes, repeat: 1
 8:02:51.494   Secondary Spawner: "Infected", active: yes, repeat: 1
 8:02:51.494 [23] StaticPoliceCar
 8:02:51.494   Primary Spawner: "Vehicle", active: yes, repeat: 1
 8:02:51.494 [24] TrajectoryConiferous
 8:02:51.494   Primary Spawner: "Trajectory", active: yes, repeat: 1
 8:02:51.494 [25] TrajectoryDeciduous
 8:02:51.494   Primary Spawner: "Trajectory", active: yes, repeat: 1
 8:02:51.494 [26] TrajectoryHumus
 8:02:51.494   Primary Spawner: "Trajectory", active: yes, repeat: 1
 8:02:51.494 [27] TrajectoryStones
 8:02:51.494   Primary Spawner: "Trajectory", active: yes, repeat: 1
 8:02:51.494 [28] VehicleCivilianSedan
 8:02:51.494   Primary Spawner: "Vehicle", active: yes, repeat: 1
 8:02:51.494 [29] VehicleHatchback02
 8:02:51.494   Primary Spawner: "Vehicle", active: yes, repeat: 1
 8:02:51.494 [30] VehicleOffroadHatchback
 8:02:51.494   Primary Spawner: "Vehicle", active: yes, repeat: 1
 8:02:51.494 [31] VehicleSedan02
 8:02:51.494   Primary Spawner: "Vehicle", active: yes, repeat: 1
 8:02:51.494 [32] VehicleCrSk_Land_Rover_Defender_110
 8:02:51.494   Primary Spawner: "Vehicle", active: yes, repeat: 1
 8:02:51.494 [CE][Hive] :: Initializing of spawners done.
 8:02:51.494 [CE][Hive] :: Init sequence finished.
 8:02:51.494 Player connect enabled
 8:02:56.10 Average server FPS: 205.93 (measured interval: 30 s)
 8:02:56.10 Used memory: 1619426 KB
 8:02:56.10 Players: 0 in total
 8:03:26.12 Average server FPS: 5419.57 (measured interval: 30 s)
 8:03:26.12 Used memory: 1649758 KB
 8:03:26.12 Players: 0 in total
 8:03:56.13 Average server FPS: 6457.25 (measured interval: 30 s)
 8:03:56.13 Used memory: 1666068 KB
 8:03:56.13 Players: 0 in total
 8:04:26.15 Average server FPS: 6443.50 (measured interval: 30 s)
 8:04:26.15 Used memory: 1672488 KB
 8:04:26.15 Players: 0 in total
 8:04:56.01 Average server FPS: 6564.00 (measured interval: 30 s)
 8:04:56.01 Used memory: 1676229 KB
 8:04:56.01 Players: 0 in total
 8:05:26.02 Average server FPS: 6451.87 (measured interval: 30 s)
 8:05:26.02 Used memory: 1691197 KB
 8:05:26.02 Players: 0 in total
 8:05:56.04 Average server FPS: 6297.83 (measured interval: 30 s)
 8:05:56.04 Used memory: 1700187 KB
 8:05:56.04 Players: 0 in total
 8:06:26.05 Average server FPS: 6357.57 (measured interval: 30 s)
 8:06:26.05 Used memory: 1709105 KB
 8:06:26.05 Players: 0 in total
 8:06:56.07 Average server FPS: 6453.67 (measured interval: 30 s)
 8:06:56.07 Used memory: 1733409 KB
 8:06:56.07 Players: 0 in total
 8:07:18.367 [CE][Links] found 0 total links between groups, of 1
 8:07:18.367 [CE][SpawnRandomLoot] (StaticHeliCrash) :: ChildType: Wreck_Mi8, lootmin: 10, lootmax: 20, wanted: 16
 8:07:18.367 [CE][Links] found 0 total links between groups, of 2
 8:07:18.367 [CE][SpawnRandomLoot] (StaticHeliCrash) :: ChildType: Wreck_UH1Y, lootmin: 10, lootmax: 20, wanted: 14
 8:07:26.08 Average server FPS: 6221.63 (measured interval: 30 s)
 8:07:26.08 Used memory: 1741333 KB
 8:07:26.08 Players: 0 in total
 8:07:56.10 Average server FPS: 6321.57 (measured interval: 30 s)
 8:07:56.10 Used memory: 1751996 KB
 8:07:56.10 Players: 0 in total
 8:08:26.11 Average server FPS: 6388.47 (measured interval: 30 s)
 8:08:26.11 Used memory: 1761702 KB
 8:08:26.11 Players: 0 in total
 8:08:56.13 Average server FPS: 6494.00 (measured interval: 30 s)
 8:08:56.13 Used memory: 1769223 KB
 8:08:56.13 Players: 0 in total
 8:09:26.14 Average server FPS: 6654.10 (measured interval: 30 s)
 8:09:26.14 Used memory: 1773220 KB
 8:09:26.14 Players: 0 in total
 8:09:31.452 [CE][Links] found 0 total links between groups, of 3
 8:09:31.452 [CE][SpawnRandomLoot] (StaticPoliceCar) :: ChildType: Land_Wreck_Volha_Police, lootmin: 3, lootmax: 5, wanted: 3
 8:09:31.452 [CE][Links] found 0 total links between groups, of 4
 8:09:31.452 [CE][SpawnRandomLoot] (StaticPoliceCar) :: ChildType: Land_Wreck_Volha_Police, lootmin: 3, lootmax: 5, wanted: 4
 8:09:31.452 [CE][Links] found 0 total links between groups, of 5
 8:09:31.452 [CE][SpawnRandomLoot] (StaticPoliceCar) :: ChildType: Land_Wreck_Volha_Police, lootmin: 3, lootmax: 5, wanted: 3
 8:09:31.452 [CE][Links] found 0 total links between groups, of 6
 8:09:31.452 [CE][SpawnRandomLoot] (StaticPoliceCar) :: ChildType: Land_Wreck_Volha_Police, lootmin: 3, lootmax: 5, wanted: 3
 8:09:31.468 [CE][Links] found 0 total links between groups, of 7
 8:09:31.468 [CE][SpawnRandomLoot] (StaticPoliceCar) :: ChildType: Land_Wreck_Volha_Police, lootmin: 3, lootmax: 5, wanted: 4
 8:09:31.468 [CE][Links] found 0 total links between groups, of 8
 8:09:31.468 [CE][SpawnRandomLoot] (StaticPoliceCar) :: ChildType: Land_Wreck_Volha_Police, lootmin: 3, lootmax: 5, wanted: 4
 8:09:31.468 [CE][Links] found 0 total links between groups, of 9
 8:09:31.468 [CE][SpawnRandomLoot] (StaticPoliceCar) :: ChildType: Land_Wreck_Volha_Police, lootmin: 3, lootmax: 5, wanted: 4
 8:09:31.468 [CE][Links] found 0 total links between groups, of 10
 8:09:31.468 [CE][SpawnRandomLoot] (StaticPoliceCar) :: ChildType: Land_Wreck_Volha_Police, lootmin: 3, lootmax: 5, wanted: 3
 8:09:31.468 [CE][Links] found 0 total links between groups, of 11
 8:09:31.468 [CE][SpawnRandomLoot] (StaticPoliceCar) :: ChildType: Land_Wreck_Volha_Police, lootmin: 3, lootmax: 5, wanted: 4
 8:09:31.483 [CE][Links] found 0 total links between groups, of 12
 8:09:31.483 [CE][SpawnRandomLoot] (StaticPoliceCar) :: ChildType: Land_Wreck_Volha_Police, lootmin: 3, lootmax: 5, wanted: 3
 8:09:56.00 Average server FPS: 7029.40 (measured interval: 30 s)
 8:09:56.00 Used memory: 1774789 KB
 8:09:56.00 Players: 0 in total
 8:10:26.02 Average server FPS: 7149.83 (measured interval: 30 s)
 8:10:26.02 Used memory: 1774585 KB
 8:10:26.02 Players: 0 in total
 8:10:56.03 Average server FPS: 7134.80 (measured interval: 30 s)
 8:10:56.03 Used memory: 1774500 KB
 8:10:56.03 Players: 0 in total
 8:11:26.05 Average server FPS: 7109.17 (measured interval: 30 s)
 8:11:26.05 Used memory: 1774324 KB
 8:11:26.05 Players: 0 in total
 8:11:56.06 Average server FPS: 7146.40 (measured interval: 30 s)
 8:11:56.06 Used memory: 1774209 KB
 8:11:56.06 Players: 0 in total
 8:12:26.08 Average server FPS: 7149.90 (measured interval: 30 s)
 8:12:26.08 Used memory: 1774106 KB
 8:12:26.08 Players: 0 in total
 8:12:56.09 Average server FPS: 7154.67 (measured interval: 30 s)
 8:12:56.09 Used memory: 1773884 KB
 8:12:56.09 Players: 0 in total
 8:13:26.11 Average server FPS: 7145.17 (measured interval: 30 s)
 8:13:26.11 Used memory: 1773675 KB
 8:13:26.11 Players: 0 in total
 8:13:56.12 Average server FPS: 7055.50 (measured interval: 30 s)
 8:13:56.12 Used memory: 1773833 KB
 8:13:56.12 Players: 0 in total
 8:14:26.14 Average server FPS: 7006.40 (measured interval: 30 s)
 8:14:26.14 Used memory: 1773715 KB
 8:14:26.14 Players: 0 in total
 8:14:55.999 Average server FPS: 7009.67 (measured interval: 30 s)
 8:14:55.999 Used memory: 1773084 KB
 8:14:55.999 Players: 0 in total
 8:15:26.01 Average server FPS: 6929.60 (measured interval: 30 s)
 8:15:26.01 Used memory: 1772877 KB
 8:15:26.01 Players: 0 in total
 8:15:56.02 Average server FPS: 6954.33 (measured interval: 30 s)
 8:15:56.02 Used memory: 1772632 KB
 8:15:56.02 Players: 0 in total
 8:16:26.04 Average server FPS: 6957.63 (measured interval: 30 s)
 8:16:26.04 Used memory: 1772463 KB
 8:16:26.04 Players: 0 in total
 8:16:56.05 Average server FPS: 6875.20 (measured interval: 30 s)
 8:16:56.05 Used memory: 1772486 KB
 8:16:56.05 Players: 0 in total
 8:17:26.07 Average server FPS: 7059.20 (measured interval: 30 s)
 8:17:26.07 Used memory: 1772473 KB
 8:17:26.07 Players: 0 in total
 8:17:56.08 Average server FPS: 7074.47 (measured interval: 30 s)
 8:17:56.08 Used memory: 1772231 KB