

=====================================================================
== D:\DayZServers\TheCommunity_enoch\DayZServer_x64.exe
== "D:\DayZServers\TheCommunity_enoch\DayZServer_x64.exe"  -port=2402 "-mod=@CF;@Community-Online-Tools;@BuildAnywhere;@BaseBuildingLogs;@Trader;@BaseBuildingPlus;@Durable_Suppressors;@VPPMap;@Ear-Plugs;@Catch_Rain;@DayZ-Expansion-Notifications;@DayZ-Expansion-Chat;@No_Shoe_Damage;@Airdrop-Upgraded;@Ammo_Making;@Banking;@BuilderItems;@Camosplus;@CannabisPlus;@CheckIdentity;@Code_Lock;@Dayz_Navigation;@FIDOv4;@FlipTransport;@GoreZ;@IRP;@KillFeed;@NoVehicleDamage;@PartyMe;@Modular_Vest_System;@MuchStuffPack;@SWP;@BreachingCharge;@BBPBreachCharge;@MunghardsItempack;@NDVPPM;@Next_Days;@Notes;@SQUAD_MSF-C;@Zeroy-FishingZ;@OP_BaseItems;@Base_Storage;@SIX-DayZ-Auto-Run;" -config=D:\DayZServers\TheCommunity_enoch\TheCommunityDZ.cfg -profiles=TheCommunityServer -BEPath=D:\DayZServers\TheCommunity_enoch\battleye -filePatching -adminlog -netlog -freezecheck -scrAllowFileWrite
=====================================================================
Exe timestamp: 2020/04/26 15:56:05
Current time:  2020/04/30 09:16:02

Version 1.07.153006
 9:16:02.419 [Inputs] Loading inputs default "bin/constants.xml"
 9:16:02.419 [Inputs] Loading inputs default "bin/specific.xml"
 9:16:02.419 !!! [Inputs] Invalid input name used "UAUIInspectItem" for context "ui" in "bin/specific.xml"
 9:16:02.419 !!! [Inputs] Attempt to register duplicate Modded-Inputs file "VanillaPPMap/data/modded_Inputs.xml"
 9:16:02.419 [Inputs] Loading inputs default "EarPlugs\data\inputs.xml"
 9:16:02.419 [Inputs] Loading inputs default "JM/COT/scripts/Data/Inputs.xml"
 9:16:02.419 [Inputs] Loading inputs default "KillFeed/inputs/Inputs.xml"
 9:16:02.419 [Inputs] Loading inputs default "partyme/scripts/partyme_inputs.xml"
 9:16:02.419 [Inputs] Loading inputs default "VanillaPPMap/data/modded_Inputs.xml"
 9:16:02.419 [Inputs] Loading inputs default "NextDays/data/NextDays_Inputs.xml"
 9:16:02.419 [Inputs] Loading inputs default "A3_UI_F/Scripts/Inputs.xml"
 9:16:02.419 [Inputs] Loading inputs default "BaseBuildingPlus/Scripts/Data/Inputs.xml"
 9:16:02.419 [Inputs] Loading inputs default "VanillaPPMap/data/modded_Inputs.xml"
 9:16:02.419 !!! [Inputs] Attempt to register duplicate input "UAOpenVPPMap"
 9:16:02.419 !!! [Inputs] Attempt to register duplicate input "UAToggleVPPMap3DMarkers"
 9:16:02.419 [Inputs] Loading inputs cfg "TheCommunityServer\Users\Survivor\Server.core.xml"
 9:16:02.435 [Inputs] Exporting inputs cfg "TheCommunityServer\Users\Survivor\Server.core.xml"
 9:16:02.732 !!! [Inputs] Attempt to register "PMHideShowTrackers" input twice
 9:16:15.857 [CE][Hive] :: Initializing OFFLINE
 9:16:15.857 [CE][Hive] :: Loading core data ... 
 9:16:15.857 [CE][CoreData] :: 7 root classes, 19 defaults, 0 updaters...
 9:16:21.779 [CE][RegisterBind] :: 0 classes binded...
 9:16:21.779 [CE][RegisterConfig] :: 10055 config classes registered, 0 sub-counters...
 9:16:21.779 [CE][Hive] :: Loading map data ... 
 9:16:21.811 !!! [CE] :: Unknown category: 'vehicleparts'.
 9:16:21.811 [CE][LoadPrototype] :: loaded 330 prototypes
 9:16:21.811   702 containers, 9116 points
 9:16:21.811   24 dispatches, 90 proxies
 9:16:21.811 !!! [CE][LoadPrototype] 12 groups have no points...
 9:16:21.811 !!![CE][LoadPrototype]  3 groups have wrong points...
 9:16:21.811 [CE][LoadPrototype] :: last group name: Land_Lunapark_Autodrome...
 9:16:21.826 [CE][LoadPrototype] :: loaded 0 prototypes
 9:16:21.826   0 containers, 0 points
 9:16:21.826   0 dispatches, 0 proxies
 9:16:21.826 [CE][LoadPrototype] :: last group name: PathD_7100...
 9:16:22.139 [CE][LoadMap] "Group" :: loaded 5086 groups, largest group range: 26.9
 9:16:22.139 [CE][LoadMap] "Dirt" :: loaded 0 groups, largest group range: 26.9
 9:16:22.233 [CE][Links] found 354 total links between groups, of 5086
 9:16:22.233 [CE][LoadClusters] "Cluster" :: Loading files...
 9:16:22.436 [CE][LoadClusters] :: file: "mapgroupcluster.xml", 4 types, 50000 instances
 9:16:22.639 [CE][LoadClusters] :: file: "mapgroupcluster01", 4 types, 50000 instances
 9:16:22.858 [CE][LoadClusters] :: file: "mapgroupcluster02", 4 types, 50000 instances
 9:16:23.61 [CE][LoadClusters] :: file: "mapgroupcluster03", 4 types, 50000 instances
 9:16:23.170 [CE][LoadClusters] :: file: "mapgroupcluster04", 4 types, 21297 instances
 9:16:23.170 [CE][Storage] ver:21 stamp:64736, valid:yes, name:"mpmissions\TheCommunity.enoch\storage_420\data\types.bin"
 9:16:23.170 [CE][Storage] ver:21 stamp:64735, valid:yes, name:"mpmissions\TheCommunity.enoch\storage_420\data\types.001"
 9:16:23.170 [CE][Storage] ver:21 stamp:64736, valid:yes, name:"mpmissions\TheCommunity.enoch\storage_420\data\types.002"
 9:16:23.170 [CE][Storage] Restoring file "mpmissions\TheCommunity.enoch\storage_420\data\types.bin".
 9:16:23.373 [CE][offlineDB] :: Loaded 33 dynamic events 215 total types 0 total positions.
 9:16:23.436 [CE][Storage] ver:21 stamp:64736, valid:yes, name:"mpmissions\TheCommunity.enoch\storage_420\data\events.bin"
 9:16:23.436 [CE][Storage] ver:21 stamp:64735, valid:yes, name:"mpmissions\TheCommunity.enoch\storage_420\data\events.001"
 9:16:23.436 [CE][Storage] ver:21 stamp:64736, valid:yes, name:"mpmissions\TheCommunity.enoch\storage_420\data\events.002"
 9:16:23.436 [CE][Storage] Restoring file "mpmissions\TheCommunity.enoch\storage_420\data\events.bin".
 9:16:23.436 [CE][DynamicEvent] Load  Events:[33] Primary spawners: 33 Secondary spawners: 1
 9:16:23.436 [CE][Storage] ver:24 stamp:64736, valid:yes, name:"mpmissions\TheCommunity.enoch\storage_420\data\vehicles.bin"
 9:16:23.436 [CE][Storage] ver:24 stamp:64735, valid:yes, name:"mpmissions\TheCommunity.enoch\storage_420\data\vehicles.001"
 9:16:23.436 [CE][Storage] ver:24 stamp:64736, valid:yes, name:"mpmissions\TheCommunity.enoch\storage_420\data\vehicles.002"
 9:16:23.436 [CE][Storage] Restoring file "mpmissions\TheCommunity.enoch\storage_420\data\vehicles.bin" 127 items.
 9:16:23.670   127 items loaded.
 9:16:23.670 [CE][Storage] ver:24 stamp:64736, valid:yes, name:"mpmissions\TheCommunity.enoch\storage_420\data\dynamic_000.bin"
 9:16:23.670 [CE][Storage] ver:24 stamp:64735, valid:yes, name:"mpmissions\TheCommunity.enoch\storage_420\data\dynamic_000.001"
 9:16:23.670 [CE][Storage] ver:24 stamp:64736, valid:yes, name:"mpmissions\TheCommunity.enoch\storage_420\data\dynamic_000.002"
 9:16:23.670 [CE][Storage] Restoring file "mpmissions\TheCommunity.enoch\storage_420\data\dynamic_000.bin" 447 items.
 9:16:24.311   447 items loaded.
 9:16:24.311 [CE][Storage] ver:24 stamp:64736, valid:yes, name:"mpmissions\TheCommunity.enoch\storage_420\data\dynamic_001.bin"
 9:16:24.311 [CE][Storage] ver:24 stamp:64735, valid:yes, name:"mpmissions\TheCommunity.enoch\storage_420\data\dynamic_001.001"
 9:16:24.311 [CE][Storage] ver:24 stamp:64736, valid:yes, name:"mpmissions\TheCommunity.enoch\storage_420\data\dynamic_001.002"
 9:16:24.311 [CE][Storage] Restoring file "mpmissions\TheCommunity.enoch\storage_420\data\dynamic_001.bin" 2374 items.
 9:16:25.61   2374 items loaded.
 9:16:25.61 [CE][Storage] ver:24 stamp:64736, valid:yes, name:"mpmissions\TheCommunity.enoch\storage_420\data\dynamic_002.bin"
 9:16:25.61 [CE][Storage] ver:24 stamp:64735, valid:yes, name:"mpmissions\TheCommunity.enoch\storage_420\data\dynamic_002.001"
 9:16:25.61 [CE][Storage] ver:24 stamp:64736, valid:yes, name:"mpmissions\TheCommunity.enoch\storage_420\data\dynamic_002.002"
 9:16:25.61 [CE][Storage] Restoring file "mpmissions\TheCommunity.enoch\storage_420\data\dynamic_002.bin" 829 items.
 9:16:25.670   829 items loaded.
 9:16:25.670 [CE][Storage] ver:24 stamp:64736, valid:yes, name:"mpmissions\TheCommunity.enoch\storage_420\data\dynamic_003.bin"
 9:16:25.686 [CE][Storage] ver:24 stamp:64735, valid:yes, name:"mpmissions\TheCommunity.enoch\storage_420\data\dynamic_003.001"
 9:16:25.686 [CE][Storage] ver:24 stamp:64736, valid:yes, name:"mpmissions\TheCommunity.enoch\storage_420\data\dynamic_003.002"
 9:16:25.686 [CE][Storage] Restoring file "mpmissions\TheCommunity.enoch\storage_420\data\dynamic_003.bin" 1177 items.
 9:16:26.45   1177 items loaded.
 9:16:26.45 [CE][Storage] ver:24 stamp:64736, valid:yes, name:"mpmissions\TheCommunity.enoch\storage_420\data\dynamic_004.bin"
 9:16:26.45 [CE][Storage] ver:24 stamp:64735, valid:yes, name:"mpmissions\TheCommunity.enoch\storage_420\data\dynamic_004.001"
 9:16:26.45 [CE][Storage] ver:24 stamp:64736, valid:yes, name:"mpmissions\TheCommunity.enoch\storage_420\data\dynamic_004.002"
 9:16:26.45 [CE][Storage] Restoring file "mpmissions\TheCommunity.enoch\storage_420\data\dynamic_004.bin" 1605 items.
 9:16:26.608   1605 items loaded.
 9:16:26.608 [CE][Storage] ver:24 stamp:64736, valid:yes, name:"mpmissions\TheCommunity.enoch\storage_420\data\dynamic_005.bin"
 9:16:26.623 [CE][Storage] ver:24 stamp:64735, valid:yes, name:"mpmissions\TheCommunity.enoch\storage_420\data\dynamic_005.001"
 9:16:26.623 [CE][Storage] ver:24 stamp:64736, valid:yes, name:"mpmissions\TheCommunity.enoch\storage_420\data\dynamic_005.002"
 9:16:26.623 [CE][Storage] Restoring file "mpmissions\TheCommunity.enoch\storage_420\data\dynamic_005.bin" 1963 items.
 9:16:27.233   1963 items loaded.
 9:16:27.233 [CE][Storage] ver:24 stamp:64736, valid:yes, name:"mpmissions\TheCommunity.enoch\storage_420\data\dynamic_006.bin"
 9:16:27.233 [CE][Storage] ver:24 stamp:64735, valid:yes, name:"mpmissions\TheCommunity.enoch\storage_420\data\dynamic_006.001"
 9:16:27.233 [CE][Storage] ver:24 stamp:64736, valid:yes, name:"mpmissions\TheCommunity.enoch\storage_420\data\dynamic_006.002"
 9:16:27.233 [CE][Storage] Restoring file "mpmissions\TheCommunity.enoch\storage_420\data\dynamic_006.bin" 1071 items.
 9:16:27.592   1071 items loaded.
 9:16:27.592 [CE][Storage] ver:24 stamp:64736, valid:yes, name:"mpmissions\TheCommunity.enoch\storage_420\data\dynamic_007.bin"
 9:16:27.592 [CE][Storage] ver:24 stamp:64735, valid:yes, name:"mpmissions\TheCommunity.enoch\storage_420\data\dynamic_007.001"
 9:16:27.592 [CE][Storage] ver:24 stamp:64736, valid:yes, name:"mpmissions\TheCommunity.enoch\storage_420\data\dynamic_007.002"
 9:16:27.592 [CE][Storage] Restoring file "mpmissions\TheCommunity.enoch\storage_420\data\dynamic_007.bin" 1390 items.
 9:16:28.77   1390 items loaded.
 9:16:28.77 [CE][Storage] ver:24 stamp:64736, valid:yes, name:"mpmissions\TheCommunity.enoch\storage_420\data\dynamic_008.bin"
 9:16:28.77 [CE][Storage] ver:24 stamp:64735, valid:yes, name:"mpmissions\TheCommunity.enoch\storage_420\data\dynamic_008.001"
 9:16:28.77 [CE][Storage] ver:24 stamp:64736, valid:yes, name:"mpmissions\TheCommunity.enoch\storage_420\data\dynamic_008.002"
 9:16:28.77 [CE][Storage] Restoring file "mpmissions\TheCommunity.enoch\storage_420\data\dynamic_008.bin" 1150 items.
 9:16:28.405   1150 items loaded.
 9:16:28.405 [CE][Storage] ver:24 stamp:64736, valid:yes, name:"mpmissions\TheCommunity.enoch\storage_420\data\dynamic_009.bin"
 9:16:28.405 [CE][Storage] ver:24 stamp:64735, valid:yes, name:"mpmissions\TheCommunity.enoch\storage_420\data\dynamic_009.001"
 9:16:28.405 [CE][Storage] ver:24 stamp:64736, valid:yes, name:"mpmissions\TheCommunity.enoch\storage_420\data\dynamic_009.002"
 9:16:28.405 [CE][Storage] Restoring file "mpmissions\TheCommunity.enoch\storage_420\data\dynamic_009.bin" 1054 items.
 9:16:28.733   1054 items loaded.
 9:16:28.733 [CE][Storage] ver:24 stamp:64736, valid:yes, name:"mpmissions\TheCommunity.enoch\storage_420\data\dynamic_010.bin"
 9:16:28.733 [CE][Storage] ver:24 stamp:64735, valid:yes, name:"mpmissions\TheCommunity.enoch\storage_420\data\dynamic_010.001"
 9:16:28.733 [CE][Storage] ver:24 stamp:64736, valid:yes, name:"mpmissions\TheCommunity.enoch\storage_420\data\dynamic_010.002"
 9:16:28.733 [CE][Storage] Restoring file "mpmissions\TheCommunity.enoch\storage_420\data\dynamic_010.bin" 2600 items.
 9:16:29.436   2600 items loaded.
 9:16:29.436 [CE][Storage] ver:24 stamp:64736, valid:yes, name:"mpmissions\TheCommunity.enoch\storage_420\data\dynamic_011.bin"
 9:16:29.436 [CE][Storage] ver:24 stamp:64735, valid:yes, name:"mpmissions\TheCommunity.enoch\storage_420\data\dynamic_011.001"
 9:16:29.436 [CE][Storage] ver:24 stamp:64736, valid:yes, name:"mpmissions\TheCommunity.enoch\storage_420\data\dynamic_011.002"
 9:16:29.436 [CE][Storage] Restoring file "mpmissions\TheCommunity.enoch\storage_420\data\dynamic_011.bin" 477 items.
 9:16:29.827   477 items loaded.
 9:16:29.842 [CE][Hive] :: Storage load took:6.41 seconds, recovery stamp:64736
 9:16:29.842   entity: 19050, building: 0
 9:16:29.842   no lifetime: 44
 9:16:29.842 [CE][Hive] :: Initializing ... 
 9:16:29.842 [CE][InitializeMap] :: initialized: 0
 9:16:29.842 [CE][Hive] :: Initializing spawners ... 
 9:16:30.717 [CE][LootRespawner] (PRIDummy) :: Item [0] causing search overtime: "MSFCGorkaPATACSFG"
 9:16:30.717 [CE][LootRespawner] (PRIDummy) :: Item [1] causing search overtime: "MSFCGorkaPATACSFG"
 9:16:30.717 [CE][LootRespawner] (PRIDummy) :: Item [2] causing search overtime: "MSFCGorkaPATACSFG"
 9:16:30.717 [CE][LootRespawner] (PRIDummy) :: Item [3] causing search overtime: "MSFCKryptekRaidPlatePouches"
 9:16:30.717 [CE][LootRespawner] (PRIDummy) :: Item [4] causing search overtime: "MSFCKryptekRaidPlatePouches"
 9:16:30.717 [CE][LootRespawner] (PRIDummy) :: Item [5] causing search overtime: "MSFCKryptekRaidPlatePouches"
 9:16:30.717 [CE][LootRespawner] (PRIDummy) :: Item [6] causing search overtime: "MSFCKryptekRaidPlatePouches"
 9:16:30.717 [CE][LootRespawner] (PRIDummy) :: Item [7] causing search overtime: "PlateCarrierVest"
 9:16:30.717 [CE][LootRespawner] (PRIDummy) :: Item [8] causing search overtime: "PlateCarrierVest"
 9:16:30.717 [CE][LootRespawner] (PRIDummy) :: Item [9] causing search overtime: "PlateCarrierVest"
 9:16:30.717 [CE][LootRespawner] (PRIDummy) :: Item [10] causing search overtime: "PlateCarrierVest"
 9:16:30.717 [CE][LootRespawner] (PRIDummy) :: Item [11] causing search overtime: "PlateCarrierVest"
 9:16:30.717 [CE][LootRespawner] (PRIDummy) :: Item [12] causing search overtime: "PlateCarrierVest"
 9:16:30.717 [CE][LootRespawner] (PRIDummy) :: Item [13] causing search overtime: "PlateCarrierVest"
 9:16:30.717 [CE][LootRespawner] (PRIDummy) :: Item [14] causing search overtime: "PlateCarrierVest"
 9:16:30.717 [CE][LootRespawner] (PRIDummy) :: Item [15] causing search overtime: "PlateCarrierVest"
 9:16:30.717 [CE][LootRespawner] (PRIDummy) :: Item [16] causing search overtime: "PlateCarrierVest"
 9:16:30.717 [CE][LootRespawner] (PRIDummy) :: Item [17] causing search overtime: "PlateCarrierVest"
 9:16:30.717 [CE][LootRespawner] (PRIDummy) :: Item [18] causing search overtime: "PlateCarrierVest"
 9:16:30.717 [CE][LootRespawner] (PRIDummy) :: Item [19] causing search overtime: "PlateCarrierVest"
 9:16:30.717 [CE][LootRespawner] (PRIDummy) :: Item [0] is hard to place, performance drops: "Gloves_skeleton"
 9:16:30.780 [CE][LootRespawner] (PRIDummy) :: Item [1] is hard to place, performance drops: "DressShoes_Black"
 9:16:30.889 [CE][LootRespawner] (PRIDummy) :: Item [2] is hard to place, performance drops: "ShortJeans_Brown"
 9:16:30.967 !!! [CE][Point] Removing 6021.780762, 3976.353027 from Land_Boat_Small2
 9:16:30.967 [CE][LootRespawner] (PRIDummy) :: Item [3] is hard to place, performance drops: "Skirt_Blue"
 9:16:30.967 [CE][LootRespawner] (PRIDummy) :: Item [4] is hard to place, performance drops: "ShortJeans_Green"
 9:16:31.46 [CE][LootRespawner] (PRIDummy) :: Item [5] is hard to place, performance drops: "FP4_DrMask"
 9:16:31.77 [CE][LootRespawner] (PRIDummy) :: Item [6] is hard to place, performance drops: "Sneakers_Green"
 9:16:31.77 [CE][LootRespawner] (PRIDummy) :: Item [7] is hard to place, performance drops: "Sneakers_Green"
 9:16:31.92 [CE][LootRespawner] (PRIDummy) :: Item [8] is hard to place, performance drops: "Breeches_Browncheck"
 9:16:31.171 [CE][LootRespawner] (PRIDummy) :: Item [9] is hard to place, performance drops: "Pliers"
 9:16:31.217 [CE][LootRespawner] (PRIDummy) :: Item [10] is hard to place, performance drops: "MSFCBeerZhigulevskoe"
 9:16:31.217 [CE][LootRespawner] (PRIDummy) :: Item [11] is hard to place, performance drops: "MSFCBeerZhigulevskoe"
 9:16:31.233 [CE][LootRespawner] (PRIDummy) :: Item [12] is hard to place, performance drops: "ManSuit_Beige"
 9:16:31.296 [CE][LootRespawner] (PRIDummy) :: Item [13] is hard to place, performance drops: "katana_Mung"
 9:16:31.296 [CE][LootRespawner] (PRIDummy) :: Item [14] is hard to place, performance drops: "katana_Mung"
 9:16:31.296 [CE][LootRespawner] (PRIDummy) :: Item [15] is hard to place, performance drops: "HikingJacket_Red"
 9:16:31.296 [CE][LootRespawner] (PRIDummy) :: Item [16] is hard to place, performance drops: "HikingJacket_Red"
 9:16:31.327 [CE][LootRespawner] (PRIDummy) :: Item [17] is hard to place, performance drops: "Defender110_dver_2_1_UN"
 9:16:31.358 [CE][LootRespawner] (PRIDummy) :: Item [18] is hard to place, performance drops: "Snipe_Mask_Jeans"
 9:16:31.358 [CE][LootRespawner] (PRIDummy) :: Item [19] is hard to place, performance drops: "Snipe_Mask_Jeans"
 9:16:31.858 [CE][LootRespawner] (PRIDummy) :: Initially (re)spawned:789, Nominal:32677, Total in Map: 17185 at 1 (sec)
 9:16:31.858   tests:832, repeats:0 fails:43, overtime:12662
 9:16:31.858 [CE][DynEvent] :: 33 types
 9:16:31.858 [00] AmbientHen
 9:16:31.858   Primary Spawner: "Ambient", active: yes, repeat: 1
 9:16:31.858 [01] AnimalBear
 9:16:31.858   Primary Spawner: "Animal", active: yes, repeat: 1
 9:16:31.858 [02] AnimalCow
 9:16:31.858   Primary Spawner: "Animal", active: yes, repeat: 1
 9:16:31.858 [03] AnimalDeer
 9:16:31.858   Primary Spawner: "Animal", active: yes, repeat: 1
 9:16:31.858 [04] AnimalGoat
 9:16:31.858   Primary Spawner: "Animal", active: yes, repeat: 1
 9:16:31.858 [05] AnimalPig
 9:16:31.858   Primary Spawner: "Animal", active: yes, repeat: 1
 9:16:31.858 [06] AnimalRoeDeer
 9:16:31.858   Primary Spawner: "Animal", active: yes, repeat: 1
 9:16:31.858 [07] AnimalSheep
 9:16:31.858   Primary Spawner: "Animal", active: yes, repeat: 1
 9:16:31.858 [08] AnimalWildBoar
 9:16:31.858   Primary Spawner: "Animal", active: yes, repeat: 1
 9:16:31.858 [09] AnimalWolf
 9:16:31.858   Primary Spawner: "Animal", active: yes, repeat: 1
 9:16:31.858 [10] InfectedArmy
 9:16:31.858   Primary Spawner: "Infected", active: yes, repeat: 1
 9:16:31.858 [11] InfectedCity
 9:16:31.858   Primary Spawner: "Infected", active: yes, repeat: 1
 9:16:31.858 [12] InfectedFirefighter
 9:16:31.858   Primary Spawner: "Infected", active: yes, repeat: 1
 9:16:31.858 [13] InfectedIndustrial
 9:16:31.858   Primary Spawner: "Infected", active: yes, repeat: 1
 9:16:31.858 [14] InfectedMedic
 9:16:31.858   Primary Spawner: "Infected", active: yes, repeat: 1
 9:16:31.858 [15] InfectedPolice
 9:16:31.858   Primary Spawner: "Infected", active: yes, repeat: 1
 9:16:31.858 [16] InfectedPrisoner
 9:16:31.858   Primary Spawner: "Infected", active: yes, repeat: 1
 9:16:31.858 [17] InfectedReligious
 9:16:31.858   Primary Spawner: "Infected", active: yes, repeat: 1
 9:16:31.858 [18] InfectedSolitude
 9:16:31.858   Primary Spawner: "Infected", active: yes, repeat: 1
 9:16:31.858 [19] InfectedVillage
 9:16:31.858   Primary Spawner: "Infected", active: yes, repeat: 1
 9:16:31.858 [20] ItemPlanks
 9:16:31.858   Primary Spawner: "Item", active: yes, repeat: 1
 9:16:31.858 [21] Loot
 9:16:31.858   Primary Spawner: "Loot", active: yes, repeat: 2
 9:16:31.858 [22] StaticHeliCrash
 9:16:31.858   Primary Spawner: "Vehicle", active: yes, repeat: 1
 9:16:31.858   Secondary Spawner: "Infected", active: yes, repeat: 1
 9:16:31.858 [23] StaticPoliceCar
 9:16:31.858   Primary Spawner: "Vehicle", active: yes, repeat: 1
 9:16:31.858 [24] TrajectoryConiferous
 9:16:31.858   Primary Spawner: "Trajectory", active: yes, repeat: 1
 9:16:31.858 [25] TrajectoryDeciduous
 9:16:31.858   Primary Spawner: "Trajectory", active: yes, repeat: 1
 9:16:31.858 [26] TrajectoryHumus
 9:16:31.858   Primary Spawner: "Trajectory", active: yes, repeat: 1
 9:16:31.858 [27] TrajectoryStones
 9:16:31.858   Primary Spawner: "Trajectory", active: yes, repeat: 1
 9:16:31.858 [28] VehicleCivilianSedan
 9:16:31.858   Primary Spawner: "Vehicle", active: yes, repeat: 1
 9:16:31.858 [29] VehicleHatchback02
 9:16:31.858   Primary Spawner: "Vehicle", active: yes, repeat: 1
 9:16:31.858 [30] VehicleOffroadHatchback
 9:16:31.858   Primary Spawner: "Vehicle", active: yes, repeat: 1
 9:16:31.858 [31] VehicleSedan02
 9:16:31.858   Primary Spawner: "Vehicle", active: yes, repeat: 1
 9:16:31.858 [32] VehicleCrSk_Land_Rover_Defender_110
 9:16:31.858   Primary Spawner: "Vehicle", active: yes, repeat: 1
 9:16:31.858 [CE][Hive] :: Initializing of spawners done.
 9:16:31.874 [CE][Hive] :: Init sequence finished.
 9:16:31.874 Player connect enabled
 9:16:35.890 Average server FPS: 130.53 (measured interval: 30 s)
 9:16:35.890 Used memory: 1621886 KB
 9:16:35.890 Players: 0 in total
 9:17:05.891 Average server FPS: 5302.93 (measured interval: 30 s)
 9:17:05.891 Used memory: 1648465 KB
 9:17:05.891 Players: 0 in total
 9:17:35.877 Average server FPS: 6101.67 (measured interval: 30 s)
 9:17:35.877 Used memory: 1663992 KB
 9:17:35.877 Players: 0 in total
 9:18:05.878 Average server FPS: 5957.50 (measured interval: 30 s)
 9:18:05.878 Used memory: 1670043 KB
 9:18:05.878 Players: 0 in total
 9:18:35.880 Average server FPS: 6216.87 (measured interval: 30 s)
 9:18:35.880 Used memory: 1675358 KB