

=====================================================================
== D:\DayZServers\TheCommunity_enoch\DayZServer_x64.exe
== "D:\DayZServers\TheCommunity_enoch\DayZServer_x64.exe"  -port=2402 "-mod=@CF;@Community-Online-Tools;@BuildAnywhere;@BaseBuildingLogs;@Trader;@BaseBuildingPlus;@Durable_Suppressors;@VPPMap;@Ear-Plugs;@Catch_Rain;@DayZ-Expansion-Notifications;@DayZ-Expansion-Chat;@No_Shoe_Damage;@Airdrop-Upgraded;@Ammo_Making;@Banking;@BuilderItems;@Camosplus;@CannabisPlus;@CheckIdentity;@Code_Lock;@Dayz_Navigation;@FIDOv4;@FlipTransport;@GoreZ;@IRP;@KillFeed;@NoVehicleDamage;@PartyMe;@Modular_Vest_System;@MuchStuffPack;@SWP;@BreachingCharge;@BBPBreachCharge;@MunghardsItempack;@NDVPPM;@Next_Days;@Notes;@SQUAD_MSF-C;@Zeroy-FishingZ;@OP_BaseItems;@Base_Storage;@SIX-DayZ-Auto-Run;" -config=D:\DayZServers\TheCommunity_enoch\TheCommunityDZ.cfg -profiles=TheCommunityServer -BEPath=D:\DayZServers\TheCommunity_enoch\battleye -filePatching -adminlog -netlog -freezecheck -scrAllowFileWrite
=====================================================================
Exe timestamp: 2020/04/26 15:56:05
Current time:  2020/04/30 09:16:02

Version 1.07.153006
 9:16:02.419 [Inputs] Loading inputs default "bin/constants.xml"
 9:16:02.419 [Inputs] Loading inputs default "bin/specific.xml"
 9:16:02.419 !!! [Inputs] Invalid input name used "UAUIInspectItem" for context "ui" in "bin/specific.xml"
 9:16:02.419 !!! [Inputs] Attempt to register duplicate Modded-Inputs file "VanillaPPMap/data/modded_Inputs.xml"
 9:16:02.419 [Inputs] Loading inputs default "EarPlugs\data\inputs.xml"
 9:16:02.419 [Inputs] Loading inputs default "JM/COT/scripts/Data/Inputs.xml"
 9:16:02.419 [Inputs] Loading inputs default "KillFeed/inputs/Inputs.xml"
 9:16:02.419 [Inputs] Loading inputs default "partyme/scripts/partyme_inputs.xml"
 9:16:02.419 [Inputs] Loading inputs default "VanillaPPMap/data/modded_Inputs.xml"
 9:16:02.419 [Inputs] Loading inputs default "NextDays/data/NextDays_Inputs.xml"
 9:16:02.419 [Inputs] Loading inputs default "A3_UI_F/Scripts/Inputs.xml"
 9:16:02.419 [Inputs] Loading inputs default "BaseBuildingPlus/Scripts/Data/Inputs.xml"
 9:16:02.419 [Inputs] Loading inputs default "VanillaPPMap/data/modded_Inputs.xml"
 9:16:02.419 !!! [Inputs] Attempt to register duplicate input "UAOpenVPPMap"
 9:16:02.419 !!! [Inputs] Attempt to register duplicate input "UAToggleVPPMap3DMarkers"
 9:16:02.419 [Inputs] Loading inputs cfg "TheCommunityServer\Users\Survivor\Server.core.xml"
 9:16:02.435 [Inputs] Exporting inputs cfg "TheCommunityServer\Users\Survivor\Server.core.xml"
 9:16:02.732 !!! [Inputs] Attempt to register "PMHideShowTrackers" input twice
 9:16:15.857 [CE][Hive] :: Initializing OFFLINE
 9:16:15.857 [CE][Hive] :: Loading core data ... 
 9:16:15.857 [CE][CoreData] :: 7 root classes, 19 defaults, 0 updaters...
 9:16:21.779 [CE][RegisterBind] :: 0 classes binded...
 9:16:21.779 [CE][RegisterConfig] :: 10055 config classes registered, 0 sub-counters...
 9:16:21.779 [CE][Hive] :: Loading map data ... 
 9:16:21.811 !!! [CE] :: Unknown category: 'vehicleparts'.
 9:16:21.811 [CE][LoadPrototype] :: loaded 330 prototypes
 9:16:21.811   702 containers, 9116 points
 9:16:21.811   24 dispatches, 90 proxies
 9:16:21.811 !!! [CE][LoadPrototype] 12 groups have no points...
 9:16:21.811 !!![CE][LoadPrototype]  3 groups have wrong points...
 9:16:21.811 [CE][LoadPrototype] :: last group name: Land_Lunapark_Autodrome...
 9:16:21.826 [CE][LoadPrototype] :: loaded 0 prototypes
 9:16:21.826   0 containers, 0 points
 9:16:21.826   0 dispatches, 0 proxies
 9:16:21.826 [CE][LoadPrototype] :: last group name: PathD_7100...
 9:16:22.139 [CE][LoadMap] "Group" :: loaded 5086 groups, largest group range: 26.9
 9:16:22.139 [CE][LoadMap] "Dirt" :: loaded 0 groups, largest group range: 26.9
 9:16:22.233 [CE][Links] found 354 total links between groups, of 5086
 9:16:22.233 [CE][LoadClusters] "Cluster" :: Loading files...
 9:16:22.436 [CE][LoadClusters] :: file: "mapgroupcluster.xml", 4 types, 50000 instances
 9:16:22.639 [CE][LoadClusters] :: file: "mapgroupcluster01", 4 types, 50000 instances
 9:16:22.858 [CE][LoadClusters] :: file: "mapgroupcluster02", 4 types, 50000 instances
 9:16:23.61 [CE][LoadClusters] :: file: "mapgroupcluster03", 4 types, 50000 instances
 9:16:23.170 [CE][LoadClusters] :: file: "mapgroupcluster04", 4 types, 21297 instances
 9:16:23.170 [CE][Storage] ver:21 stamp:64736, valid:yes, name:"mpmissions\TheCommunity.enoch\storage_420\data\types.bin"
 9:16:23.170 [CE][Storage] ver:21 stamp:64735, valid:yes, name:"mpmissions\TheCommunity.enoch\storage_420\data\types.001"
 9:16:23.170 [CE][Storage] ver:21 stamp:64736, valid:yes, name:"mpmissions\TheCommunity.enoch\storage_420\data\types.002"
 9:16:23.170 [CE][Storage] Restoring file "mpmissions\TheCommunity.enoch\storage_420\data\types.bin".
 9:16:23.373 [CE][offlineDB] :: Loaded 33 dynamic events 215 total types 0 total positions.
 9:16:23.436 [CE][Storage] ver:21 stamp:64736, valid:yes, name:"mpmissions\TheCommunity.enoch\storage_420\data\events.bin"
 9:16:23.436 [CE][Storage] ver:21 stamp:64735, valid:yes, name:"mpmissions\TheCommunity.enoch\storage_420\data\events.001"
 9:16:23.436 [CE][Storage] ver:21 stamp:64736, valid:yes, name:"mpmissions\TheCommunity.enoch\storage_420\data\events.002"
 9:16:23.436 [CE][Storage] Restoring file "mpmissions\TheCommunity.enoch\storage_420\data\events.bin".
 9:16:23.436 [CE][DynamicEvent] Load  Events:[33] Primary spawners: 33 Secondary spawners: 1
 9:16:23.436 [CE][Storage] ver:24 stamp:64736, valid:yes, name:"mpmissions\TheCommunity.enoch\storage_420\data\vehicles.bin"
 9:16:23.436 [CE][Storage] ver:24 stamp:64735, valid:yes, name:"mpmissions\TheCommunity.enoch\storage_420\data\vehicles.001"
 9:16:23.436 [CE][Storage] ver:24 stamp:64736, valid:yes, name:"mpmissions\TheCommunity.enoch\storage_420\data\vehicles.002"
 9:16:23.436 [CE][Storage] Restoring file "mpmissions\TheCommunity.enoch\storage_420\data\vehicles.bin" 127 items.
 9:16:23.670   127 items loaded.
 9:16:23.670 [CE][Storage] ver:24 stamp:64736, valid:yes, name:"mpmissions\TheCommunity.enoch\storage_420\data\dynamic_000.bin"
 9:16:23.670 [CE][Storage] ver:24 stamp:64735, valid:yes, name:"mpmissions\TheCommunity.enoch\storage_420\data\dynamic_000.001"
 9:16:23.670 [CE][Storage] ver:24 stamp:64736, valid:yes, name:"mpmissions\TheCommunity.enoch\storage_420\data\dynamic_000.002"
 9:16:23.670 [CE][Storage] Restoring file "mpmissions\TheCommunity.enoch\storage_420\data\dynamic_000.bin" 447 items.
 9:16:24.311   447 items loaded.
 9:16:24.311 [CE][Storage] ver:24 stamp:64736, valid:yes, name:"mpmissions\TheCommunity.enoch\storage_420\data\dynamic_001.bin"
 9:16:24.311 [CE][Storage] ver:24 stamp:64735, valid:yes, name:"mpmissions\TheCommunity.enoch\storage_420\data\dynamic_001.001"
 9:16:24.311 [CE][Storage] ver:24 stamp:64736, valid:yes, name:"mpmissions\TheCommunity.enoch\storage_420\data\dynamic_001.002"
 9:16:24.311 [CE][Storage] Restoring file "mpmissions\TheCommunity.enoch\storage_420\data\dynamic_001.bin" 2374 items.
 9:16:25.61   2374 items loaded.
 9:16:25.61 [CE][Storage] ver:24 stamp:64736, valid:yes, name:"mpmissions\TheCommunity.enoch\storage_420\data\dynamic_002.bin"
 9:16:25.61 [CE][Storage] ver:24 stamp:64735, valid:yes, name:"mpmissions\TheCommunity.enoch\storage_420\data\dynamic_002.001"
 9:16:25.61 [CE][Storage] ver:24 stamp:64736, valid:yes, name:"mpmissions\TheCommunity.enoch\storage_420\data\dynamic_002.002"
 9:16:25.61 [CE][Storage] Restoring file "mpmissions\TheCommunity.enoch\storage_420\data\dynamic_002.bin" 829 items.
 9:16:25.670   829 items loaded.
 9:16:25.670 [CE][Storage] ver:24 stamp:64736, valid:yes, name:"mpmissions\TheCommunity.enoch\storage_420\data\dynamic_003.bin"
 9:16:25.686 [CE][Storage] ver:24 stamp:64735, valid:yes, name:"mpmissions\TheCommunity.enoch\storage_420\data\dynamic_003.001"
 9:16:25.686 [CE][Storage] ver:24 stamp:64736, valid:yes, name:"mpmissions\TheCommunity.enoch\storage_420\data\dynamic_003.002"
 9:16:25.686 [CE][Storage] Restoring file "mpmissions\TheCommunity.enoch\storage_420\data\dynamic_003.bin" 1177 items.
 9:16:26.45   1177 items loaded.
 9:16:26.45 [CE][Storage] ver:24 stamp:64736, valid:yes, name:"mpmissions\TheCommunity.enoch\storage_420\data\dynamic_004.bin"
 9:16:26.45 [CE][Storage] ver:24 stamp:64735, valid:yes, name:"mpmissions\TheCommunity.enoch\storage_420\data\dynamic_004.001"
 9:16:26.45 [CE][Storage] ver:24 stamp:64736, valid:yes, name:"mpmissions\TheCommunity.enoch\storage_420\data\dynamic_004.002"
 9:16:26.45 [CE][Storage] Restoring file "mpmissions\TheCommunity.enoch\storage_420\data\dynamic_004.bin" 1605 items.
 9:16:26.608   1605 items loaded.
 9:16:26.608 [CE][Storage] ver:24 stamp:64736, valid:yes, name:"mpmissions\TheCommunity.enoch\storage_420\data\dynamic_005.bin"
 9:16:26.623 [CE][Storage] ver:24 stamp:64735, valid:yes, name:"mpmissions\TheCommunity.enoch\storage_420\data\dynamic_005.001"
 9:16:26.623 [CE][Storage] ver:24 stamp:64736, valid:yes, name:"mpmissions\TheCommunity.enoch\storage_420\data\dynamic_005.002"
 9:16:26.623 [CE][Storage] Restoring file "mpmissions\TheCommunity.enoch\storage_420\data\dynamic_005.bin" 1963 items.
 9:16:27.233   1963 items loaded.
 9:16:27.233 [CE][Storage] ver:24 stamp:64736, valid:yes, name:"mpmissions\TheCommunity.enoch\storage_420\data\dynamic_006.bin"
 9:16:27.233 [CE][Storage] ver:24 stamp:64735, valid:yes, name:"mpmissions\TheCommunity.enoch\storage_420\data\dynamic_006.001"
 9:16:27.233 [CE][Storage] ver:24 stamp:64736, valid:yes, name:"mpmissions\TheCommunity.enoch\storage_420\data\dynamic_006.002"
 9:16:27.233 [CE][Storage] Restoring file "mpmissions\TheCommunity.enoch\storage_420\data\dynamic_006.bin" 1071 items.
 9:16:27.592   1071 items loaded.
 9:16:27.592 [CE][Storage] ver:24 stamp:64736, valid:yes, name:"mpmissions\TheCommunity.enoch\storage_420\data\dynamic_007.bin"
 9:16:27.592 [CE][Storage] ver:24 stamp:64735, valid:yes, name:"mpmissions\TheCommunity.enoch\storage_420\data\dynamic_007.001"
 9:16:27.592 [CE][Storage] ver:24 stamp:64736, valid:yes, name:"mpmissions\TheCommunity.enoch\storage_420\data\dynamic_007.002"
 9:16:27.592 [CE][Storage] Restoring file "mpmissions\TheCommunity.enoch\storage_420\data\dynamic_007.bin" 1390 items.
 9:16:28.77   1390 items loaded.
 9:16:28.77 [CE][Storage] ver:24 stamp:64736, valid:yes, name:"mpmissions\TheCommunity.enoch\storage_420\data\dynamic_008.bin"
 9:16:28.77 [CE][Storage] ver:24 stamp:64735, valid:yes, name:"mpmissions\TheCommunity.enoch\storage_420\data\dynamic_008.001"
 9:16:28.77 [CE][Storage] ver:24 stamp:64736, valid:yes, name:"mpmissions\TheCommunity.enoch\storage_420\data\dynamic_008.002"
 9:16:28.77 [CE][Storage] Restoring file "mpmissions\TheCommunity.enoch\storage_420\data\dynamic_008.bin" 1150 items.
 9:16:28.405   1150 items loaded.
 9:16:28.405 [CE][Storage] ver:24 stamp:64736, valid:yes, name:"mpmissions\TheCommunity.enoch\storage_420\data\dynamic_009.bin"
 9:16:28.405 [CE][Storage] ver:24 stamp:64735, valid:yes, name:"mpmissions\TheCommunity.enoch\storage_420\data\dynamic_009.001"
 9:16:28.405 [CE][Storage] ver:24 stamp:64736, valid:yes, name:"mpmissions\TheCommunity.enoch\storage_420\data\dynamic_009.002"
 9:16:28.405 [CE][Storage] Restoring file "mpmissions\TheCommunity.enoch\storage_420\data\dynamic_009.bin" 1054 items.
 9:16:28.733   1054 items loaded.
 9:16:28.733 [CE][Storage] ver:24 stamp:64736, valid:yes, name:"mpmissions\TheCommunity.enoch\storage_420\data\dynamic_010.bin"
 9:16:28.733 [CE][Storage] ver:24 stamp:64735, valid:yes, name:"mpmissions\TheCommunity.enoch\storage_420\data\dynamic_010.001"
 9:16:28.733 [CE][Storage] ver:24 stamp:64736, valid:yes, name:"mpmissions\TheCommunity.enoch\storage_420\data\dynamic_010.002"
 9:16:28.733 [CE][Storage] Restoring file "mpmissions\TheCommunity.enoch\storage_420\data\dynamic_010.bin" 2600 items.
 9:16:29.436   2600 items loaded.
 9:16:29.436 [CE][Storage] ver:24 stamp:64736, valid:yes, name:"mpmissions\TheCommunity.enoch\storage_420\data\dynamic_011.bin"
 9:16:29.436 [CE][Storage] ver:24 stamp:64735, valid:yes, name:"mpmissions\TheCommunity.enoch\storage_420\data\dynamic_011.001"
 9:16:29.436 [CE][Storage] ver:24 stamp:64736, valid:yes, name:"mpmissions\TheCommunity.enoch\storage_420\data\dynamic_011.002"
 9:16:29.436 [CE][Storage] Restoring file "mpmissions\TheCommunity.enoch\storage_420\data\dynamic_011.bin" 477 items.
 9:16:29.827   477 items loaded.
 9:16:29.842 [CE][Hive] :: Storage load took:6.41 seconds, recovery stamp:64736
 9:16:29.842   entity: 19050, building: 0
 9:16:29.842   no lifetime: 44
 9:16:29.842 [CE][Hive] :: Initializing ... 
 9:16:29.842 [CE][InitializeMap] :: initialized: 0
 9:16:29.842 [CE][Hive] :: Initializing spawners ... 
 9:16:30.717 [CE][LootRespawner] (PRIDummy) :: Item [0] causing search overtime: "MSFCGorkaPATACSFG"
 9:16:30.717 [CE][LootRespawner] (PRIDummy) :: Item [1] causing search overtime: "MSFCGorkaPATACSFG"
 9:16:30.717 [CE][LootRespawner] (PRIDummy) :: Item [2] causing search overtime: "MSFCGorkaPATACSFG"
 9:16:30.717 [CE][LootRespawner] (PRIDummy) :: Item [3] causing search overtime: "MSFCKryptekRaidPlatePouches"
 9:16:30.717 [CE][LootRespawner] (PRIDummy) :: Item [4] causing search overtime: "MSFCKryptekRaidPlatePouches"
 9:16:30.717 [CE][LootRespawner] (PRIDummy) :: Item [5] causing search overtime: "MSFCKryptekRaidPlatePouches"
 9:16:30.717 [CE][LootRespawner] (PRIDummy) :: Item [6] causing search overtime: "MSFCKryptekRaidPlatePouches"
 9:16:30.717 [CE][LootRespawner] (PRIDummy) :: Item [7] causing search overtime: "PlateCarrierVest"
 9:16:30.717 [CE][LootRespawner] (PRIDummy) :: Item [8] causing search overtime: "PlateCarrierVest"
 9:16:30.717 [CE][LootRespawner] (PRIDummy) :: Item [9] causing search overtime: "PlateCarrierVest"
 9:16:30.717 [CE][LootRespawner] (PRIDummy) :: Item [10] causing search overtime: "PlateCarrierVest"
 9:16:30.717 [CE][LootRespawner] (PRIDummy) :: Item [11] causing search overtime: "PlateCarrierVest"
 9:16:30.717 [CE][LootRespawner] (PRIDummy) :: Item [12] causing search overtime: "PlateCarrierVest"
 9:16:30.717 [CE][LootRespawner] (PRIDummy) :: Item [13] causing search overtime: "PlateCarrierVest"
 9:16:30.717 [CE][LootRespawner] (PRIDummy) :: Item [14] causing search overtime: "PlateCarrierVest"
 9:16:30.717 [CE][LootRespawner] (PRIDummy) :: Item [15] causing search overtime: "PlateCarrierVest"
 9:16:30.717 [CE][LootRespawner] (PRIDummy) :: Item [16] causing search overtime: "PlateCarrierVest"
 9:16:30.717 [CE][LootRespawner] (PRIDummy) :: Item [17] causing search overtime: "PlateCarrierVest"
 9:16:30.717 [CE][LootRespawner] (PRIDummy) :: Item [18] causing search overtime: "PlateCarrierVest"
 9:16:30.717 [CE][LootRespawner] (PRIDummy) :: Item [19] causing search overtime: "PlateCarrierVest"
 9:16:30.717 [CE][LootRespawner] (PRIDummy) :: Item [0] is hard to place, performance drops: "Gloves_skeleton"
 9:16:30.780 [CE][LootRespawner] (PRIDummy) :: Item [1] is hard to place, performance drops: "DressShoes_Black"
 9:16:30.889 [CE][LootRespawner] (PRIDummy) :: Item [2] is hard to place, performance drops: "ShortJeans_Brown"
 9:16:30.967 !!! [CE][Point] Removing 6021.780762, 3976.353027 from Land_Boat_Small2
 9:16:30.967 [CE][LootRespawner] (PRIDummy) :: Item [3] is hard to place, performance drops: "Skirt_Blue"
 9:16:30.967 [CE][LootRespawner] (PRIDummy) :: Item [4] is hard to place, performance drops: "ShortJeans_Green"
 9:16:31.46 [CE][LootRespawner] (PRIDummy) :: Item [5] is hard to place, performance drops: "FP4_DrMask"
 9:16:31.77 [CE][LootRespawner] (PRIDummy) :: Item [6] is hard to place, performance drops: "Sneakers_Green"
 9:16:31.77 [CE][LootRespawner] (PRIDummy) :: Item [7] is hard to place, performance drops: "Sneakers_Green"
 9:16:31.92 [CE][LootRespawner] (PRIDummy) :: Item [8] is hard to place, performance drops: "Breeches_Browncheck"
 9:16:31.171 [CE][LootRespawner] (PRIDummy) :: Item [9] is hard to place, performance drops: "Pliers"
 9:16:31.217 [CE][LootRespawner] (PRIDummy) :: Item [10] is hard to place, performance drops: "MSFCBeerZhigulevskoe"
 9:16:31.217 [CE][LootRespawner] (PRIDummy) :: Item [11] is hard to place, performance drops: "MSFCBeerZhigulevskoe"
 9:16:31.233 [CE][LootRespawner] (PRIDummy) :: Item [12] is hard to place, performance drops: "ManSuit_Beige"
 9:16:31.296 [CE][LootRespawner] (PRIDummy) :: Item [13] is hard to place, performance drops: "katana_Mung"
 9:16:31.296 [CE][LootRespawner] (PRIDummy) :: Item [14] is hard to place, performance drops: "katana_Mung"
 9:16:31.296 [CE][LootRespawner] (PRIDummy) :: Item [15] is hard to place, performance drops: "HikingJacket_Red"
 9:16:31.296 [CE][LootRespawner] (PRIDummy) :: Item [16] is hard to place, performance drops: "HikingJacket_Red"
 9:16:31.327 [CE][LootRespawner] (PRIDummy) :: Item [17] is hard to place, performance drops: "Defender110_dver_2_1_UN"
 9:16:31.358 [CE][LootRespawner] (PRIDummy) :: Item [18] is hard to place, performance drops: "Snipe_Mask_Jeans"
 9:16:31.358 [CE][LootRespawner] (PRIDummy) :: Item [19] is hard to place, performance drops: "Snipe_Mask_Jeans"
 9:16:31.858 [CE][LootRespawner] (PRIDummy) :: Initially (re)spawned:789, Nominal:32677, Total in Map: 17185 at 1 (sec)
 9:16:31.858   tests:832, repeats:0 fails:43, overtime:12662
 9:16:31.858 [CE][DynEvent] :: 33 types
 9:16:31.858 [00] AmbientHen
 9:16:31.858   Primary Spawner: "Ambient", active: yes, repeat: 1
 9:16:31.858 [01] AnimalBear
 9:16:31.858   Primary Spawner: "Animal", active: yes, repeat: 1
 9:16:31.858 [02] AnimalCow
 9:16:31.858   Primary Spawner: "Animal", active: yes, repeat: 1
 9:16:31.858 [03] AnimalDeer
 9:16:31.858   Primary Spawner: "Animal", active: yes, repeat: 1
 9:16:31.858 [04] AnimalGoat
 9:16:31.858   Primary Spawner: "Animal", active: yes, repeat: 1
 9:16:31.858 [05] AnimalPig
 9:16:31.858   Primary Spawner: "Animal", active: yes, repeat: 1
 9:16:31.858 [06] AnimalRoeDeer
 9:16:31.858   Primary Spawner: "Animal", active: yes, repeat: 1
 9:16:31.858 [07] AnimalSheep
 9:16:31.858   Primary Spawner: "Animal", active: yes, repeat: 1
 9:16:31.858 [08] AnimalWildBoar
 9:16:31.858   Primary Spawner: "Animal", active: yes, repeat: 1
 9:16:31.858 [09] AnimalWolf
 9:16:31.858   Primary Spawner: "Animal", active: yes, repeat: 1
 9:16:31.858 [10] InfectedArmy
 9:16:31.858   Primary Spawner: "Infected", active: yes, repeat: 1
 9:16:31.858 [11] InfectedCity
 9:16:31.858   Primary Spawner: "Infected", active: yes, repeat: 1
 9:16:31.858 [12] InfectedFirefighter
 9:16:31.858   Primary Spawner: "Infected", active: yes, repeat: 1
 9:16:31.858 [13] InfectedIndustrial
 9:16:31.858   Primary Spawner: "Infected", active: yes, repeat: 1
 9:16:31.858 [14] InfectedMedic
 9:16:31.858   Primary Spawner: "Infected", active: yes, repeat: 1
 9:16:31.858 [15] InfectedPolice
 9:16:31.858   Primary Spawner: "Infected", active: yes, repeat: 1
 9:16:31.858 [16] InfectedPrisoner
 9:16:31.858   Primary Spawner: "Infected", active: yes, repeat: 1
 9:16:31.858 [17] InfectedReligious
 9:16:31.858   Primary Spawner: "Infected", active: yes, repeat: 1
 9:16:31.858 [18] InfectedSolitude
 9:16:31.858   Primary Spawner: "Infected", active: yes, repeat: 1
 9:16:31.858 [19] InfectedVillage
 9:16:31.858   Primary Spawner: "Infected", active: yes, repeat: 1
 9:16:31.858 [20] ItemPlanks
 9:16:31.858   Primary Spawner: "Item", active: yes, repeat: 1
 9:16:31.858 [21] Loot
 9:16:31.858   Primary Spawner: "Loot", active: yes, repeat: 2
 9:16:31.858 [22] StaticHeliCrash
 9:16:31.858   Primary Spawner: "Vehicle", active: yes, repeat: 1
 9:16:31.858   Secondary Spawner: "Infected", active: yes, repeat: 1
 9:16:31.858 [23] StaticPoliceCar
 9:16:31.858   Primary Spawner: "Vehicle", active: yes, repeat: 1
 9:16:31.858 [24] TrajectoryConiferous
 9:16:31.858   Primary Spawner: "Trajectory", active: yes, repeat: 1
 9:16:31.858 [25] TrajectoryDeciduous
 9:16:31.858   Primary Spawner: "Trajectory", active: yes, repeat: 1
 9:16:31.858 [26] TrajectoryHumus
 9:16:31.858   Primary Spawner: "Trajectory", active: yes, repeat: 1
 9:16:31.858 [27] TrajectoryStones
 9:16:31.858   Primary Spawner: "Trajectory", active: yes, repeat: 1
 9:16:31.858 [28] VehicleCivilianSedan
 9:16:31.858   Primary Spawner: "Vehicle", active: yes, repeat: 1
 9:16:31.858 [29] VehicleHatchback02
 9:16:31.858   Primary Spawner: "Vehicle", active: yes, repeat: 1
 9:16:31.858 [30] VehicleOffroadHatchback
 9:16:31.858   Primary Spawner: "Vehicle", active: yes, repeat: 1
 9:16:31.858 [31] VehicleSedan02
 9:16:31.858   Primary Spawner: "Vehicle", active: yes, repeat: 1
 9:16:31.858 [32] VehicleCrSk_Land_Rover_Defender_110
 9:16:31.858   Primary Spawner: "Vehicle", active: yes, repeat: 1
 9:16:31.858 [CE][Hive] :: Initializing of spawners done.
 9:16:31.874 [CE][Hive] :: Init sequence finished.
 9:16:31.874 Player connect enabled
 9:16:35.890 Average server FPS: 130.53 (measured interval: 30 s)
 9:16:35.890 Used memory: 1621886 KB
 9:16:35.890 Players: 0 in total
 9:17:05.891 Average server FPS: 5302.93 (measured interval: 30 s)
 9:17:05.891 Used memory: 1648465 KB
 9:17:05.891 Players: 0 in total
 9:17:35.877 Average server FPS: 6101.67 (measured interval: 30 s)
 9:17:35.877 Used memory: 1663992 KB
 9:17:35.877 Players: 0 in total
 9:18:05.878 Average server FPS: 5957.50 (measured interval: 30 s)
 9:18:05.878 Used memory: 1670043 KB
 9:18:05.878 Players: 0 in total
 9:18:35.880 Average server FPS: 6216.87 (measured interval: 30 s)
 9:18:35.880 Used memory: 1675358 KB
 9:18:35.880 Players: 0 in total
 9:19:05.881 Average server FPS: 6214.90 (measured interval: 30 s)
 9:19:05.881 Used memory: 1688828 KB
 9:19:05.881 Players: 0 in total
 9:19:35.883 Average server FPS: 6225.77 (measured interval: 30 s)
 9:19:35.883 Used memory: 1698075 KB
 9:19:35.883 Players: 0 in total
 9:20:05.884 Average server FPS: 6151.17 (measured interval: 30 s)
 9:20:05.884 Used memory: 1706961 KB
 9:20:05.884 Players: 0 in total
 9:20:35.886 Average server FPS: 6185.50 (measured interval: 30 s)
 9:20:35.886 Used memory: 1731661 KB
 9:20:35.886 Players: 0 in total
 9:21:05.887 Average server FPS: 6244.30 (measured interval: 30 s)
 9:21:05.887 Used memory: 1740229 KB
 9:21:05.887 Players: 0 in total
 9:21:35.889 Average server FPS: 6230.20 (measured interval: 30 s)
 9:21:35.889 Used memory: 1752243 KB
 9:21:35.889 Players: 0 in total
 9:22:05.890 Average server FPS: 6155.67 (measured interval: 30 s)
 9:22:05.890 Used memory: 1761397 KB
 9:22:05.890 Players: 0 in total
 9:22:35.892 Average server FPS: 6148.57 (measured interval: 30 s)
 9:22:35.892 Used memory: 1768837 KB
 9:22:35.892 Players: 0 in total
 9:23:05.878 Average server FPS: 6342.10 (measured interval: 30 s)
 9:23:05.878 Used memory: 1770868 KB
 9:23:05.878 Players: 0 in total
 9:23:35.879 Average server FPS: 6537.90 (measured interval: 30 s)
 9:23:35.879 Used memory: 1770581 KB
 9:23:35.879 Players: 0 in total
 9:24:05.881 Average server FPS: 6434.70 (measured interval: 30 s)
 9:24:05.881 Used memory: 1771530 KB
 9:24:05.881 Players: 0 in total
 9:24:35.882 Average server FPS: 6533.73 (measured interval: 30 s)
 9:24:35.882 Used memory: 1771437 KB
 9:24:35.882 Players: 0 in total
 9:25:05.884 Average server FPS: 6534.07 (measured interval: 30 s)
 9:25:05.884 Used memory: 1771188 KB
 9:25:05.884 Players: 0 in total
 9:25:35.885 Average server FPS: 6433.27 (measured interval: 30 s)
 9:25:35.885 Used memory: 1770958 KB
 9:25:35.885 Players: 0 in total
 9:26:05.887 Average server FPS: 6528.47 (measured interval: 30 s)
 9:26:05.887 Used memory: 1770913 KB
 9:26:05.887 Players: 0 in total
 9:26:35.888 Average server FPS: 6515.30 (measured interval: 30 s)
 9:26:35.888 Used memory: 1771266 KB
 9:26:35.888 Players: 0 in total
 9:27:05.890 Average server FPS: 6333.93 (measured interval: 30 s)
 9:27:05.890 Used memory: 1771934 KB
 9:27:05.890 Players: 0 in total
 9:27:35.891 Average server FPS: 6441.60 (measured interval: 30 s)
 9:27:35.891 Used memory: 1771883 KB
 9:27:35.891 Players: 0 in total
 9:28:05.877 Average server FPS: 6403.03 (measured interval: 30 s)
 9:28:05.877 Used memory: 1771722 KB
 9:28:05.877 Players: 0 in total
 9:28:35.879 Average server FPS: 6406.27 (measured interval: 30 s)
 9:28:35.879 Used memory: 1771631 KB
 9:28:35.879 Players: 0 in total
 9:29:05.880 Average server FPS: 6345.33 (measured interval: 30 s)
 9:29:05.880 Used memory: 1771312 KB
 9:29:05.880 Players: 0 in total
 9:29:35.882 Average server FPS: 6393.10 (measured interval: 30 s)
 9:29:35.882 Used memory: 1771060 KB
 9:29:35.882 Players: 0 in total
 9:30:05.883 Average server FPS: 6306.67 (measured interval: 30 s)
 9:30:05.883 Used memory: 1771001 KB
 9:30:05.883 Players: 0 in total
 9:30:35.885 Average server FPS: 6394.47 (measured interval: 30 s)
 9:30:35.885 Used memory: 1770718 KB
 9:30:35.885 Players: 0 in total
 9:30:50.651 [CE][Links] found 0 total links between groups, of 1
 9:30:50.651 [CE][SpawnRandomLoot] (StaticHeliCrash) :: ChildType: Wreck_UH1Y, lootmin: 10, lootmax: 20, wanted: 11
 9:31:05.886 Average server FPS: 6563.50 (measured interval: 30 s)
 9:31:05.886 Used memory: 1770824 KB
 9:31:05.886 Players: 0 in total
 9:31:35.888 Average server FPS: 6527.00 (measured interval: 30 s)
 9:31:35.888 Used memory: 1770636 KB
 9:31:35.888 Players: 0 in total
 9:32:05.889 Average server FPS: 6570.67 (measured interval: 30 s)
 9:32:05.889 Used memory: 1770466 KB
 9:32:05.889 Players: 0 in total
 9:32:35.891 Average server FPS: 6571.70 (measured interval: 30 s)
 9:32:35.891 Used memory: 1771529 KB
 9:32:35.891 Players: 0 in total
 9:33:05.892 Average server FPS: 6542.23 (measured interval: 30 s)
 9:33:05.892 Used memory: 1771357 KB
 9:33:05.892 Players: 0 in total
 9:33:35.878 Average server FPS: 6597.87 (measured interval: 30 s)
 9:33:35.878 Used memory: 1771257 KB
 9:33:35.878 Players: 0 in total
 9:34:05.880 Average server FPS: 6602.13 (measured interval: 30 s)
 9:34:05.880 Used memory: 1770922 KB
 9:34:05.880 Players: 0 in total
 9:34:35.881 Average server FPS: 6607.97 (measured interval: 30 s)
 9:34:35.881 Used memory: 1770834 KB
 9:34:35.881 Players: 0 in total
 9:35:05.883 Average server FPS: 6596.67 (measured interval: 30 s)
 9:35:05.883 Used memory: 1770735 KB
 9:35:05.883 Players: 0 in total
 9:35:35.884 Average server FPS: 6614.20 (measured interval: 30 s)
 9:35:35.884 Used memory: 1770564 KB
 9:35:35.884 Players: 0 in total
 9:36:05.886 Average server FPS: 6608.73 (measured interval: 30 s)
 9:36:05.886 Used memory: 1770418 KB
 9:36:05.886 Players: 0 in total
 9:36:35.887 Average server FPS: 5730.03 (measured interval: 30 s)
 9:36:35.887 Used memory: 1770722 KB
 9:36:35.887 Players: 0 in total
 9:37:05.889 Average server FPS: 6622.83 (measured interval: 30 s)
 9:37:05.889 Used memory: 1770628 KB
 9:37:05.889 Players: 0 in total
 9:37:35.890 Average server FPS: 6623.87 (measured interval: 30 s)
 9:37:35.890 Used memory: 1770543 KB
 9:37:35.890 Players: 0 in total
 9:38:05.892 Average server FPS: 6637.37 (measured interval: 30 s)
 9:38:05.892 Used memory: 1770145 KB
 9:38:05.892 Players: 0 in total
 9:38:35.877 Average server FPS: 6619.07 (measured interval: 30 s)
 9:38:35.877 Used memory: 1769890 KB
 9:38:35.877 Players: 0 in total
 9:39:05.879 Average server FPS: 6620.17 (measured interval: 30 s)
 9:39:05.879 Used memory: 1769529 KB
 9:39:05.879 Players: 0 in total
 9:39:35.880 Average server FPS: 6632.93 (measured interval: 30 s)
 9:39:35.880 Used memory: 1769347 KB
 9:39:35.880 Players: 0 in total
 9:40:05.882 Average server FPS: 6618.13 (measured interval: 30 s)
 9:40:05.882 Used memory: 1768970 KB
 9:40:05.882 Players: 0 in total
 9:40:35.883 Average server FPS: 6599.93 (measured interval: 30 s)
 9:40:35.883 Used memory: 1769284 KB
 9:40:35.883 Players: 0 in total
 9:41:05.885 Average server FPS: 6607.27 (measured interval: 30 s)
 9:41:05.885 Used memory: 1769348 KB
 9:41:05.885 Players: 0 in total
 9:41:35.886 Average server FPS: 6611.23 (measured interval: 30 s)
 9:41:35.886 Used memory: 1769345 KB
 9:41:35.886 Players: 0 in total
 9:42:05.888 Average server FPS: 6597.93 (measured interval: 30 s)
 9:42:05.888 Used memory: 1769320 KB
 9:42:05.888 Players: 0 in total
 9:42:35.889 Average server FPS: 6588.67 (measured interval: 30 s)
 9:42:35.889 Used memory: 1769161 KB
 9:42:35.889 Players: 0 in total
 9:43:05.891 Average server FPS: 6595.17 (measured interval: 30 s)
 9:43:05.891 Used memory: 1769036 KB
 9:43:05.891 Players: 0 in total
 9:43:35.877 Average server FPS: 6605.50 (measured interval: 30 s)
 9:43:35.877 Used memory: 1768901 KB
 9:43:35.877 Players: 0 in total
 9:44:05.878 Average server FPS: 6603.07 (measured interval: 30 s)
 9:44:05.878 Used memory: 1768968 KB
 9:44:05.878 Players: 0 in total
 9:44:35.880 Average server FPS: 6603.20 (measured interval: 30 s)
 9:44:35.880 Used memory: 1768858 KB
 9:44:35.880 Players: 0 in total
 9:45:05.881 Average server FPS: 6584.23 (measured interval: 30 s)
 9:45:05.881 Used memory: 1768926 KB
 9:45:05.881 Players: 0 in total
 9:45:35.883 Average server FPS: 6581.97 (measured interval: 30 s)
 9:45:35.883 Used memory: 1768812 KB
 9:45:35.883 Players: 0 in total
 9:45:38.352 [CE][Links] found 0 total links between groups, of 2
 9:45:38.352 [CE][SpawnRandomLoot] (StaticHeliCrash) :: ChildType: Wreck_UH1Y, lootmin: 10, lootmax: 20, wanted: 13
 9:45:38.367 [CE][Links] found 0 total links between groups, of 3
 9:45:38.367 [CE][SpawnRandomLoot] (StaticHeliCrash) :: ChildType: Wreck_UH1Y, lootmin: 10, lootmax: 20, wanted: 16
 9:46:05.884 Average server FPS: 6578.43 (measured interval: 30 s)
 9:46:05.884 Used memory: 1768922 KB
 9:46:05.884 Players: 0 in total
 9:46:35.886 Average server FPS: 6600.30 (measured interval: 30 s)
 9:46:35.886 Used memory: 1768871 KB
 9:46:35.886 Players: 0 in total
 9:47:05.887 Average server FPS: 6573.37 (measured interval: 30 s)
 9:47:05.887 Used memory: 1768010 KB
 9:47:05.887 Players: 0 in total
 9:47:35.889 Average server FPS: 6551.93 (measured interval: 30 s)
 9:47:35.889 Used memory: 1767321 KB
 9:47:35.889 Players: 0 in total
 9:47:51.358 [CE][Links] found 0 total links between groups, of 4
 9:47:51.358 [CE][SpawnRandomLoot] (StaticPoliceCar) :: ChildType: Land_Wreck_Volha_Police, lootmin: 3, lootmax: 5, wanted: 4
 9:47:51.358 [CE][Links] found 0 total links between groups, of 5
 9:47:51.358 [CE][SpawnRandomLoot] (StaticPoliceCar) :: ChildType: Land_Wreck_Volha_Police, lootmin: 3, lootmax: 5, wanted: 3
 9:47:51.374 [CE][Links] found 0 total links between groups, of 6
 9:47:51.374 [CE][SpawnRandomLoot] (StaticPoliceCar) :: ChildType: Land_Wreck_Volha_Police, lootmin: 3, lootmax: 5, wanted: 4
 9:47:51.374 [CE][Links] found 0 total links between groups, of 7
 9:47:51.374 [CE][SpawnRandomLoot] (StaticPoliceCar) :: ChildType: Land_Wreck_Volha_Police, lootmin: 3, lootmax: 5, wanted: 3
 9:47:51.374 [CE][Links] found 0 total links between groups, of 8
 9:47:51.374 [CE][SpawnRandomLoot] (StaticPoliceCar) :: ChildType: Land_Wreck_Volha_Police, lootmin: 3, lootmax: 5, wanted: 3
 9:47:51.374 [CE][Links] found 0 total links between groups, of 9
 9:47:51.374 [CE][SpawnRandomLoot] (StaticPoliceCar) :: ChildType: Land_Wreck_Volha_Police, lootmin: 3, lootmax: 5, wanted: 3
 9:47:51.390 [CE][Links] found 0 total links between groups, of 10
 9:47:51.390 [CE][SpawnRandomLoot] (StaticPoliceCar) :: ChildType: Land_Wreck_Volha_Police, lootmin: 3, lootmax: 5, wanted: 4
 9:47:51.390 [CE][Links] found 0 total links between groups, of 11
 9:47:51.390 [CE][SpawnRandomLoot] (StaticPoliceCar) :: ChildType: Land_Wreck_Volha_Police, lootmin: 3, lootmax: 5, wanted: 3
 9:47:51.390 [CE][Links] found 0 total links between groups, of 12
 9:47:51.390 [CE][SpawnRandomLoot] (StaticPoliceCar) :: ChildType: Land_Wreck_Volha_Police, lootmin: 3, lootmax: 5, wanted: 3
 9:47:51.390 [CE][Links] found 0 total links between groups, of 13
 9:47:51.390 [CE][SpawnRandomLoot] (StaticPoliceCar) :: ChildType: Land_Wreck_Volha_Police, lootmin: 3, lootmax: 5, wanted: 3
 9:48:05.890 Average server FPS: 6377.07 (measured interval: 30 s)
 9:48:05.890 Used memory: 1768359 KB
 9:48:05.890 Players: 0 in total
 9:48:35.892 Average server FPS: 6561.30 (measured interval: 30 s)
 9:48:35.892 Used memory: 1768215 KB
 9:48:35.892 Players: 0 in total
 9:49:05.878 Average server FPS: 6561.57 (measured interval: 30 s)
 9:49:05.878 Used memory: 1768263 KB
 9:49:05.878 Players: 0 in total
 9:49:35.879 Average server FPS: 6533.60 (measured interval: 30 s)
 9:49:35.879 Used memory: 1768498 KB
 9:49:35.879 Players: 0 in total
 9:50:05.881 Average server FPS: 6526.03 (measured interval: 30 s)
 9:50:05.881 Used memory: 1768382 KB
 9:50:05.881 Players: 0 in total
 9:50:35.882 Average server FPS: 6553.67 (measured interval: 30 s)
 9:50:35.882 Used memory: 1768232 KB
 9:50:35.882 Players: 0 in total
 9:51:05.884 Average server FPS: 6554.63 (measured interval: 30 s)
 9:51:05.884 Used memory: 1768535 KB
 9:51:05.884 Players: 0 in total
 9:51:35.885 Average server FPS: 6545.97 (measured interval: 30 s)
 9:51:35.885 Used memory: 1768371 KB
 9:51:35.885 Players: 0 in total
 9:52:05.887 Average server FPS: 6533.93 (measured interval: 30 s)
 9:52:05.887 Used memory: 1768385 KB
 9:52:05.887 Players: 0 in total
 9:52:35.888 Average server FPS: 6541.73 (measured interval: 30 s)
 9:52:35.888 Used memory: 1768302 KB
 9:52:35.888 Players: 0 in total
 9:53:05.890 Average server FPS: 6548.73 (measured interval: 30 s)
 9:53:05.890 Used memory: 1768225 KB
 9:53:05.890 Players: 0 in total
 9:53:35.891 Average server FPS: 6556.60 (measured interval: 30 s)
 9:53:35.891 Used memory: 1768214 KB
 9:53:35.891 Players: 0 in total
 9:54:05.877 Average server FPS: 6551.03 (measured interval: 30 s)
 9:54:05.877 Used memory: 1768410 KB
 9:54:05.877 Players: 0 in total
 9:54:35.879 Average server FPS: 6552.93 (measured interval: 30 s)
 9:54:35.879 Used memory: 1768303 KB
 9:54:35.879 Players: 0 in total
 9:55:05.880 Average server FPS: 6546.53 (measured interval: 30 s)
 9:55:05.880 Used memory: 1767997 KB
 9:55:05.880 Players: 0 in total
 9:55:35.882 Average server FPS: 6554.13 (measured interval: 30 s)
 9:55:35.882 Used memory: 1768437 KB
 9:55:35.882 Players: 0 in total
 9:56:05.883 Average server FPS: 6564.97 (measured interval: 30 s)
 9:56:05.883 Used memory: 1768000 KB
 9:56:05.883 Players: 0 in total
